 War3ProfilerHookEngine

 Timestamp is 59ca3b60 (Tue Sep 26 14:34:56 2017)

 Preferred load address is 10000000

 Start         Length     Name                   Class
 0001:00000000 000000e0H .text$di                CODE
 0001:000000e0 00018600H .text$mn                CODE
 0001:000186e0 00000200H .text$x                 CODE
 0001:000188e0 00000042H .text$yd                CODE
 0002:00000000 00000178H .idata$5                DATA
 0002:00000178 00000004H .00cfg                  DATA
 0002:0000017c 00000004H .CRT$XCA                DATA
 0002:00000180 0000000cH .CRT$XCC                DATA
 0002:0000018c 00000018H .CRT$XCU                DATA
 0002:000001a4 00000004H .CRT$XCZ                DATA
 0002:000001a8 00000004H .CRT$XIA                DATA
 0002:000001ac 00000010H .CRT$XIC                DATA
 0002:000001bc 00000004H .CRT$XIZ                DATA
 0002:000001c0 00000004H .CRT$XPA                DATA
 0002:000001c4 00000004H .CRT$XPB                DATA
 0002:000001c8 00000008H .CRT$XPX                DATA
 0002:000001d0 00000004H .CRT$XPXA               DATA
 0002:000001d4 00000004H .CRT$XPZ                DATA
 0002:000001d8 00000004H .CRT$XTA                DATA
 0002:000001dc 00000004H .CRT$XTZ                DATA
 0002:000001e0 00000000H .gfids$x                DATA
 0002:000001e0 00000000H .gfids$y                DATA
 0002:000001e0 00006ce8H .rdata                  DATA
 0002:00006ec8 000002f8H .rdata$r                DATA
 0002:000071c0 0000004cH .rdata$sxdata           DATA
 0002:0000720c 00000368H .rdata$zzzdbg           DATA
 0002:00007574 00000004H .rtc$IAA                DATA
 0002:00007578 00000004H .rtc$IZZ                DATA
 0002:0000757c 00000004H .rtc$TAA                DATA
 0002:00007580 00000008H .rtc$TZZ                DATA
 0002:00007588 000009d4H .xdata$x                DATA
 0002:00007f5c 00000000H .edata                  DATA
 0002:00007f5c 00000028H .idata$2                DATA
 0002:00007f84 00000014H .idata$3                DATA
 0002:00007f98 00000178H .idata$4                DATA
 0002:00008110 00000690H .idata$6                DATA
 0003:00000000 00000b28H .data                   DATA
 0003:00000b28 00000198H .data$r                 DATA
 0003:00000cc0 00000f0cH .bss                    DATA
 0004:00000000 00000060H .rsrc$01                DATA
 0004:00000060 00000180H .rsrc$02                DATA

  Address         Publics by Value              Rva+Base       Lib:Object

 0000:00000000       ___guard_fids_count        00000000     <absolute>
 0000:00000000       ___guard_longjmp_table     00000000     <absolute>
 0000:00000000       ___guard_iat_table         00000000     <absolute>
 0000:00000000       ___enclave_config          00000000     <absolute>
 0000:00000000       ___guard_iat_count         00000000     <absolute>
 0000:00000000       ___hybrid_auxiliary_iat    00000000     <absolute>
 0000:00000000       ___guard_longjmp_count     00000000     <absolute>
 0000:00000000       __except_list              00000000     <absolute>
 0000:00000000       ___guard_fids_table        00000000     <absolute>
 0000:00000000       ___hybrid_code_map_count   00000000     <absolute>
 0000:00000000       ___hybrid_code_map         00000000     <absolute>
 0000:00000000       ___dynamic_value_reloc_table 00000000     <absolute>
 0000:00000013       ___safe_se_handler_count   00000013     <absolute>
 0000:00000100       ___guard_flags             00000100     <absolute>
 0000:00000000       ___ImageBase               10000000     <linker-defined>
 0001:000000e0       ___local_stdio_printf_options 100010e0 f i Source.obj
 0001:000000f0       __vfprintf_s_l             100010f0 f i Source.obj
 0001:00000120       _fprintf_s                 10001120 f i Source.obj
 0001:00000160       ?max@?$numeric_limits@H@std@@SAHXZ 10001160 f i Source.obj
 0001:00000170       ??2@YAPAXIPAX@Z            10001170 f i Source.obj
 0001:00000180       ?_Orphan_all@_Container_base0@std@@QAEXXZ 10001180 f i Source.obj
 0001:00000190       ?_Adopt@_Iterator_base0@std@@QAEXPBX@Z 10001190 f i Source.obj
 0001:000001a0       ?_Allocate@std@@YAPAXII_N@Z 100011a0 f i Source.obj
 0001:00000260       ?_Deallocate@std@@YAXPAXII@Z 10001260 f i Source.obj
 0001:000002f0       ?now@system_clock@chrono@std@@SA?AV?$time_point@Usystem_clock@chrono@std@@V?$duration@_JU?$ratio@$00$0JIJGIA@@std@@@23@@23@XZ 100012f0 f i Source.obj
 0001:00000350       ?sleep_until@this_thread@std@@YAXPBUxtime@@@Z 10001350 f i Source.obj
 0001:00000370       ?__autoclassinit2@?$vector@EV?$allocator@E@std@@@std@@QAEXI@Z 10001370 f i Source.obj
 0001:00000370       ?__autoclassinit2@?$vector@PAUFuncHeader@@V?$allocator@PAUFuncHeader@@@std@@@std@@QAEXI@Z 10001370 f i Source.obj
 0001:00000390       ?compareByLength@@YA_NPBUFuncHeader@@0@Z 10001390 f   Source.obj
 0001:00000410       ?StartTimer@@YGXPAUFuncHeader@@@Z 10001410 f   Source.obj
 0001:00000430       ?StopTimer@@YGXPAUFuncHeader@@@Z 10001430 f   Source.obj
 0001:00000460       ?UpdateTimer@@YGKPAX@Z     10001460 f   Source.obj
 0001:00000680       ?CreateNewFunc@@YAXH@Z     10001680 f   Source.obj
 0001:00000cb0       ?InitAll@@YGKPAX@Z         10001cb0 f   Source.obj
 0001:00000d80       _DllMain@12                10001d80 f   Source.obj
 0001:00000dd0       ??A?$vector@EV?$allocator@E@std@@@std@@QAEAAEI@Z 10001dd0 f i Source.obj
 0001:00000df0       ?size@?$vector@EV?$allocator@E@std@@@std@@QBEIXZ 10001df0 f i Source.obj
 0001:00000e20       ?push_back@?$vector@EV?$allocator@E@std@@@std@@QAEX$$QAE@Z 10001e20 f i Source.obj
 0001:00000e50       ??$emplace_back@E@?$vector@EV?$allocator@E@std@@@std@@QAEX$$QAE@Z 10001e50 f i Source.obj
 0001:00000e50       ??$emplace_back@ABE@?$vector@EV?$allocator@E@std@@@std@@QAEXABE@Z 10001e50 f i Source.obj
 0001:00000fe0       ?push_back@?$vector@EV?$allocator@E@std@@@std@@QAEXABE@Z 10001fe0 f i Source.obj
 0001:00001000       ??1?$vector@EV?$allocator@E@std@@@std@@QAE@XZ 10002000 f i Source.obj
 0001:00001040       ??0?$vector@EV?$allocator@E@std@@@std@@QAE@XZ 10002040 f i Source.obj
 0001:00001040       ??0?$vector@PAUFuncHeader@@V?$allocator@PAUFuncHeader@@@std@@@std@@QAE@XZ 10002040 f i Source.obj
 0001:00001080       ?size@?$vector@PAUFuncHeader@@V?$allocator@PAUFuncHeader@@@std@@@std@@QBEIXZ 10002080 f i Source.obj
 0001:000010b0       ?_Unchecked_end@?$vector@PAUFuncHeader@@V?$allocator@PAUFuncHeader@@@std@@@std@@QAEPAPAUFuncHeader@@XZ 100020b0 f i Source.obj
 0001:000010d0       ?_Unchecked_begin@?$vector@PAUFuncHeader@@V?$allocator@PAUFuncHeader@@@std@@@std@@QAEPAPAUFuncHeader@@XZ 100020d0 f i Source.obj
 0001:000010f0       ?end@?$vector@PAUFuncHeader@@V?$allocator@PAUFuncHeader@@@std@@@std@@QAE?AV?$_Vector_iterator@V?$_Vector_val@U?$_Simple_types@PAUFuncHeader@@@std@@@std@@@2@XZ 100020f0 f i Source.obj
 0001:00001150       ?begin@?$vector@PAUFuncHeader@@V?$allocator@PAUFuncHeader@@@std@@@std@@QAE?AV?$_Vector_iterator@V?$_Vector_val@U?$_Simple_types@PAUFuncHeader@@@std@@@std@@@2@XZ 10002150 f i Source.obj
 0001:000011b0       ?clear@?$vector@PAUFuncHeader@@V?$allocator@PAUFuncHeader@@@std@@@std@@QAEXXZ 100021b0 f i Source.obj
 0001:00001230       ?push_back@?$vector@PAUFuncHeader@@V?$allocator@PAUFuncHeader@@@std@@@std@@QAEXABQAUFuncHeader@@@Z 10002230 f i Source.obj
 0001:00001250       ??$emplace_back@ABQAUFuncHeader@@@?$vector@PAUFuncHeader@@V?$allocator@PAUFuncHeader@@@std@@@std@@QAEXABQAUFuncHeader@@@Z 10002250 f i Source.obj
 0001:000013f0       ??1?$vector@PAUFuncHeader@@V?$allocator@PAUFuncHeader@@@std@@@std@@QAE@XZ 100023f0 f i Source.obj
 0001:00001430       ?time_since_epoch@?$time_point@Usystem_clock@chrono@std@@V?$duration@_JU?$ratio@$00$0JIJGIA@@std@@@23@@chrono@std@@QBE?AV?$duration@_JU?$ratio@$00$0JIJGIA@@std@@@23@XZ 10002430 f i Source.obj
 0001:00001450       ??0?$time_point@Usystem_clock@chrono@std@@V?$duration@_JU?$ratio@$00$0JIJGIA@@std@@@23@@chrono@std@@QAE@ABV?$duration@_JU?$ratio@$00$0JIJGIA@@std@@@12@@Z 10002450 f i Source.obj
 0001:00001470       ?count@?$duration@_JU?$ratio@$00$0PECEA@@std@@@chrono@std@@QBE_JXZ 10002470 f i Source.obj
 0001:00001470       ?count@?$duration@_JU?$ratio@$00$0JIJGIA@@std@@@chrono@std@@QBE_JXZ 10002470 f i Source.obj
 0001:00001470       ?count@?$duration@_JU?$ratio@$00$00@std@@@chrono@std@@QBE_JXZ 10002470 f i Source.obj
 0001:00001470       ?count@?$duration@_JU?$ratio@$00$0DLJKMKAA@@std@@@chrono@std@@QBE_JXZ 10002470 f i Source.obj
 0001:00001490       ?_Mylast@?$_Vector_alloc@U?$_Vec_base_types@EV?$allocator@E@std@@@std@@@std@@QBEABQAEXZ 10002490 f i Source.obj
 0001:00001490       ?_Mylast@?$_Vector_alloc@U?$_Vec_base_types@PAUFuncHeader@@V?$allocator@PAUFuncHeader@@@std@@@std@@@std@@QBEABQAPAUFuncHeader@@XZ 10002490 f i Source.obj
 0001:00001490       ?_Mylast@?$_Vector_alloc@U?$_Vec_base_types@PAUFuncHeader@@V?$allocator@PAUFuncHeader@@@std@@@std@@@std@@QAEAAPAPAUFuncHeader@@XZ 10002490 f i Source.obj
 0001:00001490       ?_Mylast@?$_Vector_alloc@U?$_Vec_base_types@EV?$allocator@E@std@@@std@@@std@@QAEAAPAEXZ 10002490 f i Source.obj
 0001:000014b0       ?_Myfirst@?$_Vector_alloc@U?$_Vec_base_types@EV?$allocator@E@std@@@std@@@std@@QAEAAPAEXZ 100024b0 f i Source.obj
 0001:000014b0       ?_Myfirst@?$_Vector_alloc@U?$_Vec_base_types@PAUFuncHeader@@V?$allocator@PAUFuncHeader@@@std@@@std@@@std@@QAEAAPAPAUFuncHeader@@XZ 100024b0 f i Source.obj
 0001:000014b0       ?_Myfirst@?$_Vector_alloc@U?$_Vec_base_types@PAUFuncHeader@@V?$allocator@PAUFuncHeader@@@std@@@std@@@std@@QBEABQAPAUFuncHeader@@XZ 100024b0 f i Source.obj
 0001:000014b0       ?_Myfirst@?$_Vector_alloc@U?$_Vec_base_types@EV?$allocator@E@std@@@std@@@std@@QBEABQAEXZ 100024b0 f i Source.obj
 0001:000014d0       ?_Get_data@?$_Vector_alloc@U?$_Vec_base_types@PAUFuncHeader@@V?$allocator@PAUFuncHeader@@@std@@@std@@@std@@QBEABV?$_Vector_val@U?$_Simple_types@PAUFuncHeader@@@std@@@2@XZ 100024d0 f i Source.obj
 0001:000014d0       ?_Getal@?$_Vector_alloc@U?$_Vec_base_types@EV?$allocator@E@std@@@std@@@std@@QAEAAV?$allocator@E@2@XZ 100024d0 f i Source.obj
 0001:000014d0       ?_Getal@?$_Vector_alloc@U?$_Vec_base_types@PAUFuncHeader@@V?$allocator@PAUFuncHeader@@@std@@@std@@@std@@QAEAAV?$allocator@PAUFuncHeader@@@2@XZ 100024d0 f i Source.obj
 0001:000014d0       ?_Getal@?$_Vector_alloc@U?$_Vec_base_types@PAUFuncHeader@@V?$allocator@PAUFuncHeader@@@std@@@std@@@std@@QBEABV?$allocator@PAUFuncHeader@@@2@XZ 100024d0 f i Source.obj
 0001:000014d0       ?_Get_data@?$_Vector_alloc@U?$_Vec_base_types@EV?$allocator@E@std@@@std@@@std@@QAEAAV?$_Vector_val@U?$_Simple_types@E@std@@@2@XZ 100024d0 f i Source.obj
 0001:000014d0       ?_Getal@?$_Vector_alloc@U?$_Vec_base_types@EV?$allocator@E@std@@@std@@@std@@QBEABV?$allocator@E@2@XZ 100024d0 f i Source.obj
 0001:000014d0       ?_Get_data@?$_Vector_alloc@U?$_Vec_base_types@PAUFuncHeader@@V?$allocator@PAUFuncHeader@@@std@@@std@@@std@@QAEAAV?$_Vector_val@U?$_Simple_types@PAUFuncHeader@@@std@@@2@XZ 100024d0 f i Source.obj
 0001:000014d0       ?_Get_data@?$_Vector_alloc@U?$_Vec_base_types@EV?$allocator@E@std@@@std@@@std@@QBEABV?$_Vector_val@U?$_Simple_types@E@std@@@2@XZ 100024d0 f i Source.obj
 0001:000014f0       ??0?$_Vector_alloc@U?$_Vec_base_types@EV?$allocator@E@std@@@std@@@std@@QAE@XZ 100024f0 f i Source.obj
 0001:000014f0       ??0?$_Vector_alloc@U?$_Vec_base_types@PAUFuncHeader@@V?$allocator@PAUFuncHeader@@@std@@@std@@@std@@QAE@XZ 100024f0 f i Source.obj
 0001:00001510       ?_Xlength@?$vector@PAUFuncHeader@@V?$allocator@PAUFuncHeader@@@std@@@std@@CAXXZ 10002510 f i Source.obj
 0001:00001510       ?_Xlength@?$vector@EV?$allocator@E@std@@@std@@CAXXZ 10002510 f i Source.obj
 0001:00001520       ?_Tidy@?$vector@EV?$allocator@E@std@@@std@@AAEXXZ 10002520 f i Source.obj
 0001:000015b0       ?_Change_array@?$vector@EV?$allocator@E@std@@@std@@AAEXQAEII@Z 100025b0 f i Source.obj
 0001:00001650       ?_Calculate_growth@?$vector@EV?$allocator@E@std@@@std@@ABEII@Z 10002650 f i Source.obj
 0001:000016a0       ?_Umove_if_noexcept@?$vector@EV?$allocator@E@std@@@std@@AAEXPAE00@Z 100026a0 f i Source.obj
 0001:000016a0       ?_Umove_if_noexcept@?$vector@PAUFuncHeader@@V?$allocator@PAUFuncHeader@@@std@@@std@@AAEXPAPAUFuncHeader@@00@Z 100026a0 f i Source.obj
 0001:000016d0       ?_Has_unused_capacity@?$vector@PAUFuncHeader@@V?$allocator@PAUFuncHeader@@@std@@@std@@ABE_NXZ 100026d0 f i Source.obj
 0001:000016d0       ?_Has_unused_capacity@?$vector@EV?$allocator@E@std@@@std@@ABE_NXZ 100026d0 f i Source.obj
 0001:00001710       ?max_size@?$vector@EV?$allocator@E@std@@@std@@QBEIXZ 10002710 f i Source.obj
 0001:00001750       ?allocate@?$allocator@E@std@@QAEPAEI@Z 10002750 f i Source.obj
 0001:00001770       ?deallocate@?$allocator@E@std@@QAEXQAEI@Z 10002770 f i Source.obj
 0001:00001790       ??0?$_Vector_iterator@V?$_Vector_val@U?$_Simple_types@PAUFuncHeader@@@std@@@std@@@std@@QAE@PAPAUFuncHeader@@PBU_Container_base0@1@@Z 10002790 f i Source.obj
 0001:000017b0       ?_Orphan_all@?$_Vector_alloc@U?$_Vec_base_types@EV?$allocator@E@std@@@std@@@std@@QAEXXZ 100027b0 f i Source.obj
 0001:000017b0       ?_Orphan_all@?$_Vector_alloc@U?$_Vec_base_types@PAUFuncHeader@@V?$allocator@PAUFuncHeader@@@std@@@std@@@std@@QAEXXZ 100027b0 f i Source.obj
 0001:000017d0       ?_Tidy@?$vector@PAUFuncHeader@@V?$allocator@PAUFuncHeader@@@std@@@std@@AAEXXZ 100027d0 f i Source.obj
 0001:00001860       ?_Change_array@?$vector@PAUFuncHeader@@V?$allocator@PAUFuncHeader@@@std@@@std@@AAEXQAPAUFuncHeader@@II@Z 10002860 f i Source.obj
 0001:00001900       ?_Calculate_growth@?$vector@PAUFuncHeader@@V?$allocator@PAUFuncHeader@@@std@@@std@@ABEII@Z 10002900 f i Source.obj
 0001:00001950       ?_Destroy@?$vector@PAUFuncHeader@@V?$allocator@PAUFuncHeader@@@std@@@std@@AAEXPAPAUFuncHeader@@0@Z 10002950 f i Source.obj
 0001:00001950       ?_Destroy@?$vector@EV?$allocator@E@std@@@std@@AAEXPAE0@Z 10002950 f i Source.obj
 0001:00001980       ?max_size@?$vector@PAUFuncHeader@@V?$allocator@PAUFuncHeader@@@std@@@std@@QBEIXZ 10002980 f i Source.obj
 0001:000019c0       ?allocate@?$allocator@PAUFuncHeader@@@std@@QAEPAPAUFuncHeader@@I@Z 100029c0 f i Source.obj
 0001:000019e0       ?deallocate@?$allocator@PAUFuncHeader@@@std@@QAEXQAPAUFuncHeader@@I@Z 100029e0 f i Source.obj
 0001:00001a00       ?zero@?$duration_values@_J@chrono@std@@SA_JXZ 10002a00 f i Source.obj
 0001:00001a10       ?_Get_second@?$_Compressed_pair@V?$allocator@PAUFuncHeader@@@std@@V?$_Vector_val@U?$_Simple_types@PAUFuncHeader@@@std@@@2@$00@std@@QAEAAV?$_Vector_val@U?$_Simple_types@PAUFuncHeader@@@std@@@2@XZ 10002a10 f i Source.obj
 0001:00001a10       ??0?$allocator@E@std@@QAE@XZ 10002a10 f i Source.obj
 0001:00001a10       ?_Get_first@?$_Compressed_pair@V?$allocator@PAUFuncHeader@@@std@@V?$_Vector_val@U?$_Simple_types@PAUFuncHeader@@@std@@@2@$00@std@@QAEAAV?$allocator@PAUFuncHeader@@@2@XZ 10002a10 f i Source.obj
 0001:00001a10       ?_Get_second@?$_Compressed_pair@V?$allocator@E@std@@V?$_Vector_val@U?$_Simple_types@E@std@@@2@$00@std@@QAEAAV?$_Vector_val@U?$_Simple_types@E@std@@@2@XZ 10002a10 f i Source.obj
 0001:00001a10       ??0?$allocator@PAUFuncHeader@@@std@@QAE@XZ 10002a10 f i Source.obj
 0001:00001a10       ?_Get_second@?$_Compressed_pair@V?$allocator@E@std@@V?$_Vector_val@U?$_Simple_types@E@std@@@2@$00@std@@QBEABV?$_Vector_val@U?$_Simple_types@E@std@@@2@XZ 10002a10 f i Source.obj
 0001:00001a10       ?_Get_first@?$_Compressed_pair@V?$allocator@E@std@@V?$_Vector_val@U?$_Simple_types@E@std@@@2@$00@std@@QBEABV?$allocator@E@2@XZ 10002a10 f i Source.obj
 0001:00001a10       ?_Get_first@?$_Compressed_pair@V?$allocator@E@std@@V?$_Vector_val@U?$_Simple_types@E@std@@@2@$00@std@@QAEAAV?$allocator@E@2@XZ 10002a10 f i Source.obj
 0001:00001a10       ?_Get_second@?$_Compressed_pair@V?$allocator@PAUFuncHeader@@@std@@V?$_Vector_val@U?$_Simple_types@PAUFuncHeader@@@std@@@2@$00@std@@QBEABV?$_Vector_val@U?$_Simple_types@PAUFuncHeader@@@std@@@2@XZ 10002a10 f i Source.obj
 0001:00001a10       ?_Get_first@?$_Compressed_pair@V?$allocator@PAUFuncHeader@@@std@@V?$_Vector_val@U?$_Simple_types@PAUFuncHeader@@@std@@@2@$00@std@@QBEABV?$allocator@PAUFuncHeader@@@2@XZ 10002a10 f i Source.obj
 0001:00001a20       ?max_size@?$_Default_allocator_traits@V?$allocator@E@std@@@std@@SAIABV?$allocator@E@2@@Z 10002a20 f i Source.obj
 0001:00001a30       ?_Myend@?$_Vector_alloc@U?$_Vec_base_types@EV?$allocator@E@std@@@std@@@std@@QBEABQAEXZ 10002a30 f i Source.obj
 0001:00001a30       ?_Myend@?$_Vector_alloc@U?$_Vec_base_types@PAUFuncHeader@@V?$allocator@PAUFuncHeader@@@std@@@std@@@std@@QBEABQAPAUFuncHeader@@XZ 10002a30 f i Source.obj
 0001:00001a30       ?_Myend@?$_Vector_alloc@U?$_Vec_base_types@EV?$allocator@E@std@@@std@@@std@@QAEAAPAEXZ 10002a30 f i Source.obj
 0001:00001a30       ?_Myend@?$_Vector_alloc@U?$_Vec_base_types@PAUFuncHeader@@V?$allocator@PAUFuncHeader@@@std@@@std@@@std@@QAEAAPAPAUFuncHeader@@XZ 10002a30 f i Source.obj
 0001:00001a50       ?_Umove_if_noexcept1@?$vector@PAUFuncHeader@@V?$allocator@PAUFuncHeader@@@std@@@std@@AAEXPAPAUFuncHeader@@00U?$integral_constant@_N$00@2@@Z 10002a50 f i Source.obj
 0001:00001a50       ?_Umove_if_noexcept1@?$vector@EV?$allocator@E@std@@@std@@AAEXPAE00U?$integral_constant@_N$00@2@@Z 10002a50 f i Source.obj
 0001:00001a80       ?capacity@?$vector@EV?$allocator@E@std@@@std@@QBEIXZ 10002a80 f i Source.obj
 0001:00001ab0       ??0?$_Vector_const_iterator@V?$_Vector_val@U?$_Simple_types@PAUFuncHeader@@@std@@@std@@@std@@QAE@PAPAUFuncHeader@@PBU_Container_base0@1@@Z 10002ab0 f i Source.obj
 0001:00001ae0       ?max_size@?$_Default_allocator_traits@V?$allocator@PAUFuncHeader@@@std@@@std@@SAIABV?$allocator@PAUFuncHeader@@@2@@Z 10002ae0 f i Source.obj
 0001:00001af0       ?capacity@?$vector@PAUFuncHeader@@V?$allocator@PAUFuncHeader@@@std@@@std@@QBEIXZ 10002af0 f i Source.obj
 0001:00001b20       ??$_Destroy_range1@V?$allocator@E@std@@@std@@YAXPAE0AAV?$allocator@E@0@U?$integral_constant@_N$00@0@@Z 10002b20 f i Source.obj
 0001:00001b20       ??$destroy@E@?$_Default_allocator_traits@V?$allocator@E@std@@@std@@SAXAAV?$allocator@E@1@QAE@Z 10002b20 f i Source.obj
 0001:00001b20       ??$__vcrt_va_start_verify_argument_type@QBD@@YAXXZ 10002b20 f i Source.obj
 0001:00001b20       ??$_Destroy_range1@V?$allocator@PAUFuncHeader@@@std@@@std@@YAXPAPAUFuncHeader@@0AAV?$allocator@PAUFuncHeader@@@0@U?$integral_constant@_N$00@0@@Z 10002b20 f i Source.obj
 0001:00001b20       ??$destroy@PAUFuncHeader@@@?$_Default_allocator_traits@V?$allocator@PAUFuncHeader@@@std@@@std@@SAXAAV?$allocator@PAUFuncHeader@@@1@QAPAUFuncHeader@@@Z 10002b20 f i Source.obj
 0001:00001b30       ??$?0_JX@?$duration@_JU?$ratio@$00$0DLJKMKAA@@std@@@chrono@std@@QAE@AB_J@Z 10002b30 f i Source.obj
 0001:00001b30       ??$?0_JX@?$duration@_JU?$ratio@$00$0PECEA@@std@@@chrono@std@@QAE@AB_J@Z 10002b30 f i Source.obj
 0001:00001b30       ??$?0_JX@?$duration@_JU?$ratio@$00$0JIJGIA@@std@@@chrono@std@@QAE@AB_J@Z 10002b30 f i Source.obj
 0001:00001b30       ??$?0_JX@?$duration@_JU?$ratio@$00$00@std@@@chrono@std@@QAE@AB_J@Z 10002b30 f i Source.obj
 0001:00001b50       ??$?0HX@?$duration@_JU?$ratio@$00$0PECEA@@std@@@chrono@std@@QAE@ABH@Z 10002b50 f i Source.obj
 0001:00001b70       ??$sleep_for@_JU?$ratio@$00$0PECEA@@std@@@this_thread@std@@YAXABV?$duration@_JU?$ratio@$00$0PECEA@@std@@@chrono@1@@Z 10002b70 f i Source.obj
 0001:00001be0       ??$sort@V?$_Vector_iterator@V?$_Vector_val@U?$_Simple_types@PAUFuncHeader@@@std@@@std@@@std@@P6A_NPBUFuncHeader@@0@Z@std@@YAXV?$_Vector_iterator@V?$_Vector_val@U?$_Simple_types@PAUFuncHeader@@@std@@@std@@@0@0P6A_NPBUFuncHeader@@1@Z@Z 10002be0 f i Source.obj
 0001:00001c10       ??$_Unfancy@E@std@@YAPAEPAE@Z 10002c10 f i Source.obj
 0001:00001c10       ??$_Unchecked@PAPAUFuncHeader@@@std@@YAPAPAUFuncHeader@@PAPAU1@@Z 10002c10 f i Source.obj
 0001:00001c10       ??$move@AAE@std@@YA$$QAEAAE@Z 10002c10 f i Source.obj
 0001:00001c10       ??$_Unchecked@PAE@std@@YAPAEPAE@Z 10002c10 f i Source.obj
 0001:00001c10       ??$addressof@V?$_Vector_val@U?$_Simple_types@PAUFuncHeader@@@std@@@std@@@std@@YAPAV?$_Vector_val@U?$_Simple_types@PAUFuncHeader@@@std@@@0@AAV10@@Z 10002c10 f i Source.obj
 0001:00001c10       ??$forward@E@std@@YA$$QAEAAE@Z 10002c10 f i Source.obj
 0001:00001c10       ??$_Ptr_move_cat@EE@std@@YA?AU_Really_trivial_ptr_iterator_tag@0@ABQAE0@Z 10002c10 f i Source.obj
 0001:00001c10       ??$forward@ABE@std@@YAABEABE@Z 10002c10 f i Source.obj
 0001:00001c10       ??$_Ptr_move_cat@PAUFuncHeader@@PAU1@@std@@YA?AU_Really_trivial_ptr_iterator_tag@0@ABQAPAUFuncHeader@@0@Z 10002c10 f i Source.obj
 0001:00001c10       ??$forward@AAPAPAUFuncHeader@@@std@@YAAAPAPAUFuncHeader@@AAPAPAU1@@Z 10002c10 f i Source.obj
 0001:00001c10       ??$_Unfancy@PAUFuncHeader@@@std@@YAPAPAUFuncHeader@@PAPAU1@@Z 10002c10 f i Source.obj
 0001:00001c10       ??$move@AAPAUFuncHeader@@@std@@YA$$QAPAUFuncHeader@@AAPAU1@@Z 10002c10 f i Source.obj
 0001:00001c10       ??$forward@ABQAUFuncHeader@@@std@@YAABQAUFuncHeader@@ABQAU1@@Z 10002c10 f i Source.obj
 0001:00001c20       ??$_Emplace_back_with_unused_capacity@ABE@?$vector@EV?$allocator@E@std@@@std@@AAEXABE@Z 10002c20 f i Source.obj
 0001:00001c20       ??$_Emplace_back_with_unused_capacity@E@?$vector@EV?$allocator@E@std@@@std@@AAEX$$QAE@Z 10002c20 f i Source.obj
 0001:00001ca0       ??$construct@EE@?$_Default_allocator_traits@V?$allocator@E@std@@@std@@SAXAAV?$allocator@E@1@QAE$$QAE@Z 10002ca0 f i Source.obj
 0001:00001ca0       ??$construct@EABE@?$_Default_allocator_traits@V?$allocator@E@std@@@std@@SAXAAV?$allocator@E@1@QAEABE@Z 10002ca0 f i Source.obj
 0001:00001cd0       ??$_Emplace_back_with_unused_capacity@ABQAUFuncHeader@@@?$vector@PAUFuncHeader@@V?$allocator@PAUFuncHeader@@@std@@@std@@AAEXABQAUFuncHeader@@@Z 10002cd0 f i Source.obj
 0001:00001d50       ??$construct@PAUFuncHeader@@ABQAU1@@?$_Default_allocator_traits@V?$allocator@PAUFuncHeader@@@std@@@std@@SAXAAV?$allocator@PAUFuncHeader@@@1@QAPAUFuncHeader@@ABQAU3@@Z 10002d50 f i Source.obj
 0001:00001d80       ??$_Min_value@I@std@@YAABIABI0@Z 10002d80 f i Source.obj
 0001:00001db0       ??$?0$$V@?$_Compressed_pair@V?$allocator@PAUFuncHeader@@@std@@V?$_Vector_val@U?$_Simple_types@PAUFuncHeader@@@std@@@2@$00@std@@QAE@U_Zero_then_variadic_args_t@1@@Z 10002db0 f i Source.obj
 0001:00001db0       ??$?0$$V@?$_Compressed_pair@V?$allocator@E@std@@V?$_Vector_val@U?$_Simple_types@E@std@@@2@$00@std@@QAE@U_Zero_then_variadic_args_t@1@@Z 10002db0 f i Source.obj
 0001:00001dd0       ??$_Destroy_range@V?$allocator@E@std@@@std@@YAXPAE0AAV?$allocator@E@0@@Z 10002dd0 f i Source.obj
 0001:00001dd0       ??$_Destroy_range@V?$allocator@PAUFuncHeader@@@std@@@std@@YAXPAPAUFuncHeader@@0AAV?$allocator@PAUFuncHeader@@@0@@Z 10002dd0 f i Source.obj
 0001:00001e00       ??$_Uninitialized_move@PAEPAEV?$allocator@E@std@@@std@@YAPAEPAE00AAV?$allocator@E@0@@Z 10002e00 f i Source.obj
 0001:00001e00       ??$_Uninitialized_move@PAPAUFuncHeader@@PAPAU1@V?$allocator@PAUFuncHeader@@@std@@@std@@YAPAPAUFuncHeader@@PAPAU1@00AAV?$allocator@PAUFuncHeader@@@0@@Z 10002e00 f i Source.obj
 0001:00001ea0       ??0?$_Vector_val@U?$_Simple_types@E@std@@@std@@QAE@XZ 10002ea0 f i Source.obj
 0001:00001ea0       ??0?$_Vector_val@U?$_Simple_types@PAUFuncHeader@@@std@@@std@@QAE@XZ 10002ea0 f i Source.obj
 0001:00001ed0       ?_Orphan_range@?$vector@EV?$allocator@E@std@@@std@@ABEXPAE0@Z 10002ed0 f i Source.obj
 0001:00001ed0       ?_Orphan_range@?$vector@PAUFuncHeader@@V?$allocator@PAUFuncHeader@@@std@@@std@@ABEXPAPAUFuncHeader@@0@Z 10002ed0 f i Source.obj
 0001:00001ee0       ??$_To_xtime@_JU?$ratio@$00$0PECEA@@std@@@std@@YA?AUxtime@@ABV?$duration@_JU?$ratio@$00$0PECEA@@std@@@chrono@0@@Z 10002ee0 f i Source.obj
 0001:00001fe0       ??$_Unchecked@V?$_Vector_val@U?$_Simple_types@PAUFuncHeader@@@std@@@std@@@std@@YAPAPAUFuncHeader@@ABV?$_Vector_iterator@V?$_Vector_val@U?$_Simple_types@PAUFuncHeader@@@std@@@std@@@0@@Z 10002fe0 f i Source.obj
 0001:00001ff0       ??$_Sort_unchecked@PAPAUFuncHeader@@P6A_NPBU1@0@Z@std@@YAXPAPAUFuncHeader@@0AAP6A_NPBU1@1@Z@Z 10002ff0 f i Source.obj
 0001:00002020       ??$_Uninitialized_move_al_unchecked@EEV?$allocator@E@std@@@std@@YAPAEPAE00AAV?$allocator@E@0@U_Really_trivial_ptr_iterator_tag@0@U?$integral_constant@_N$00@0@@Z 10003020 f i Source.obj
 0001:00002020       ??$_Uninitialized_move_al_unchecked@PAUFuncHeader@@PAU1@V?$allocator@PAUFuncHeader@@@std@@@std@@YAPAPAUFuncHeader@@PAPAU1@00AAV?$allocator@PAUFuncHeader@@@0@U_Really_trivial_ptr_iterator_tag@0@U?$integral_constant@_N$00@0@@Z 10003020 f i Source.obj
 0001:00002040       ??$_Rechecked@PAEPAE@std@@YAAAPAEAAPAEPAE@Z 10003040 f i Source.obj
 0001:00002040       ??$_Rechecked@PAPAUFuncHeader@@PAPAU1@@std@@YAAAPAPAUFuncHeader@@AAPAPAU1@PAPAU1@@Z 10003040 f i Source.obj
 0001:00002050       ?zero@?$duration@_JU?$ratio@$00$0PECEA@@std@@@chrono@std@@SA?AV123@XZ 10003050 f i Source.obj
 0001:00002080       ??Z?$duration@_JU?$ratio@$00$0DLJKMKAA@@std@@@chrono@std@@QAEAAV012@ABV012@@Z 10003080 f i Source.obj
 0001:000020b0       ??Y?$duration@_JU?$ratio@$00$0DLJKMKAA@@std@@@chrono@std@@QAEAAV012@ABV012@@Z 100030b0 f i Source.obj
 0001:000020e0       ??$?N_JU?$ratio@$00$0PECEA@@std@@_JU01@@chrono@std@@YA_NABV?$duration@_JU?$ratio@$00$0PECEA@@std@@@01@0@Z 100030e0 f i Source.obj
 0001:00002120       ??$?0_JU?$ratio@$00$0JIJGIA@@std@@X@?$duration@_JU?$ratio@$00$0DLJKMKAA@@std@@@chrono@std@@QAE@ABV?$duration@_JU?$ratio@$00$0JIJGIA@@std@@@12@@Z 10003120 f i Source.obj
 0001:00002160       ??$duration_cast@V?$duration@_JU?$ratio@$00$0DLJKMKAA@@std@@@chrono@std@@_JU?$ratio@$00$0PECEA@@3@X@chrono@std@@YA?AV?$duration@_JU?$ratio@$00$0DLJKMKAA@@std@@@01@ABV?$duration@_JU?$ratio@$00$0PECEA@@std@@@01@@Z 10003160 f i Source.obj
 0001:00002270       ??$duration_cast@V?$duration@_JU?$ratio@$00$00@std@@@chrono@std@@_JU?$ratio@$00$0DLJKMKAA@@3@X@chrono@std@@YA?AV?$duration@_JU?$ratio@$00$00@std@@@01@ABV?$duration@_JU?$ratio@$00$0DLJKMKAA@@std@@@01@@Z 10003270 f i Source.obj
 0001:00002380       ??$?0_JU?$ratio@$00$00@std@@X@?$duration@_JU?$ratio@$00$0DLJKMKAA@@std@@@chrono@std@@QAE@ABV?$duration@_JU?$ratio@$00$00@std@@@12@@Z 10003380 f i Source.obj
 0001:000023c0       ??$_Sort_unchecked1@PAPAUFuncHeader@@HP6A_NPBU1@0@Z@std@@YAXPAPAUFuncHeader@@0HAAP6A_NPBU1@1@Z@Z 100033c0 f i Source.obj
 0001:000024e0       ??$_Copy_memmove@PAEPAE@std@@YAPAEPAE00@Z 100034e0 f i Source.obj
 0001:000024e0       ??$_Copy_memmove@PAPAUFuncHeader@@PAPAU1@@std@@YAPAPAUFuncHeader@@PAPAU1@00@Z 100034e0 f i Source.obj
 0001:00002520       ??$?M_JU?$ratio@$00$0PECEA@@std@@_JU01@@chrono@std@@YA_NABV?$duration@_JU?$ratio@$00$0PECEA@@std@@@01@0@Z 10003520 f i Source.obj
 0001:00002590       ??$duration_cast@V?$duration@_JU?$ratio@$00$0DLJKMKAA@@std@@@chrono@std@@_JU?$ratio@$00$0JIJGIA@@3@X@chrono@std@@YA?AV?$duration@_JU?$ratio@$00$0DLJKMKAA@@std@@@01@ABV?$duration@_JU?$ratio@$00$0JIJGIA@@std@@@01@@Z 10003590 f i Source.obj
 0001:00002690       ??$duration_cast@V?$duration@_JU?$ratio@$00$0DLJKMKAA@@std@@@chrono@std@@_JU?$ratio@$00$00@3@X@chrono@std@@YA?AV?$duration@_JU?$ratio@$00$0DLJKMKAA@@std@@@01@ABV?$duration@_JU?$ratio@$00$00@std@@@01@@Z 10003690 f i Source.obj
 0001:000027a0       ??$_Partition_by_median_guess_unchecked@PAPAUFuncHeader@@P6A_NPBU1@0@Z@std@@YA?AU?$pair@PAPAUFuncHeader@@PAPAU1@@0@PAPAUFuncHeader@@0AAP6A_NPBU2@1@Z@Z 100037a0 f i Source.obj
 0001:00002a90       ??$_Make_heap_unchecked@PAPAUFuncHeader@@P6A_NPBU1@0@Z@std@@YAXPAPAUFuncHeader@@0AAP6A_NPBU1@1@Z@Z 10003a90 f i Source.obj
 0001:00002b20       ??$_Sort_heap_unchecked@PAPAUFuncHeader@@P6A_NPBU1@0@Z@std@@YAXPAPAUFuncHeader@@0AAP6A_NPBU1@1@Z@Z 10003b20 f i Source.obj
 0001:00002b60       ??$_Insertion_sort_unchecked@PAPAUFuncHeader@@P6A_NPBU1@0@Z@std@@YAXPAPAUFuncHeader@@0AAP6A_NPBU1@1@Z@Z 10003b60 f i Source.obj
 0001:00002c70       ??$_Guess_median_unchecked@PAPAUFuncHeader@@P6A_NPBU1@0@Z@std@@YAXPAPAUFuncHeader@@00AAP6A_NPBU1@1@Z@Z 10003c70 f i Source.obj
 0001:00002d60       ??$iter_swap@PAPAUFuncHeader@@PAPAU1@@std@@YAXPAPAUFuncHeader@@0@Z 10003d60 f i Source.obj
 0001:00002d80       ??$?0AAPAPAUFuncHeader@@AAPAPAU0@X$0A@@?$pair@PAPAUFuncHeader@@PAPAU1@@std@@QAE@AAPAPAUFuncHeader@@0@Z 10003d80 f i Source.obj
 0001:00002dc0       ??$_Pop_heap_hole_by_index@PAPAUFuncHeader@@HPAU1@P6A_NPBU1@0@Z@std@@YAXPAPAUFuncHeader@@HH$$QAPAU1@AAP6A_NPBU1@2@Z@Z 10003dc0 f i Source.obj
 0001:00002ec0       ??$_Pop_heap_unchecked@PAPAUFuncHeader@@P6A_NPBU1@0@Z@std@@YAXPAPAUFuncHeader@@0AAP6A_NPBU1@1@Z@Z 10003ec0 f i Source.obj
 0001:00002f30       ??$_Move_backward_unchecked@PAPAUFuncHeader@@PAPAU1@@std@@YAPAPAUFuncHeader@@PAPAU1@00@Z 10003f30 f i Source.obj
 0001:00002f70       ??$_Med3_unchecked@PAPAUFuncHeader@@P6A_NPBU1@0@Z@std@@YAXPAPAUFuncHeader@@00AAP6A_NPBU1@1@Z@Z 10003f70 f i Source.obj
 0001:00003000       ??$swap@PAUFuncHeader@@X@std@@YAXAAPAUFuncHeader@@0@Z 10004000 f i Source.obj
 0001:00003060       ??$_Push_heap_by_index@PAPAUFuncHeader@@HPAU1@P6A_NPBU1@0@Z@std@@YAXPAPAUFuncHeader@@HH$$QAPAU1@AAP6A_NPBU1@2@Z@Z 10004060 f i Source.obj
 0001:000030f0       ??$_Pop_heap_hole_unchecked@PAPAUFuncHeader@@PAU1@P6A_NPBU1@0@Z@std@@YAXPAPAUFuncHeader@@00$$QAPAU1@AAP6A_NPBU1@2@Z@Z 100040f0 f i Source.obj
 0001:00003140       ??$_Move_backward_unchecked1@PAPAUFuncHeader@@PAPAU1@@std@@YAPAPAUFuncHeader@@PAPAU1@00U_Trivially_copyable_ptr_iterator_tag@0@@Z 10004140 f i Source.obj
 0001:00003160       ??$_Copy_backward_memmove@PAPAUFuncHeader@@PAPAU1@@std@@YAPAPAUFuncHeader@@PAPAU1@00@Z 10004160 f i Source.obj
 0001:000037bd       _MH_Initialize@0           100047bd f   libMinHook.x86:hook.obj
 0001:0000380c       _MH_CreateHook@12          1000480c f   libMinHook.x86:hook.obj
 0001:000039d8       _MH_EnableHook@4           100049d8 f   libMinHook.x86:hook.obj
 0001:000039ea       _MH_DisableHook@4          100049ea f   libMinHook.x86:hook.obj
 0001:00003a26       _CreateTrampolineFunction  10004a26 f   libMinHook.x86:trampoline.obj
 0001:00003cc3       _AllocateBuffer            10004cc3 f   libMinHook.x86:buffer.obj
 0001:00003d36       _FreeBuffer                10004d36 f   libMinHook.x86:buffer.obj
 0001:00003d83       _IsExecutableAddress       10004d83 f   libMinHook.x86:buffer.obj
 0001:00003db0       _hde32_disasm              10004db0 f   libMinHook.x86:hde32.obj
 0001:000042e4       ??0bad_alloc@std@@QAE@ABV01@@Z 100052e4 f i libcpmt:xthrow.obj
 0001:000042ff       ??0bad_alloc@std@@QAE@XZ   100052ff f i libcpmt:xthrow.obj
 0001:00004317       ??0exception@std@@QAE@ABV01@@Z 10005317 f i libcpmt:xthrow.obj
 0001:00004343       ??0exception@std@@QAE@QBD@Z 10005343 f i libcpmt:xthrow.obj
 0001:0000437a       ??0length_error@std@@QAE@ABV01@@Z 1000537a f i libcpmt:xthrow.obj
 0001:00004395       ??0length_error@std@@QAE@PBD@Z 10005395 f i libcpmt:xthrow.obj
 0001:000043b6       ??0logic_error@std@@QAE@ABV01@@Z 100053b6 f i libcpmt:xthrow.obj
 0001:000043d1       ?__scrt_throw_std_bad_alloc@@YAXXZ 100053d1 f   LIBCMT:throw_bad_alloc.obj
 0001:000043d1       ?_Xbad_alloc@std@@YAXXZ    100053d1 f   libcpmt:xthrow.obj
 0001:000043ee       ?_Xlength_error@std@@YAXPBD@Z 100053ee f   libcpmt:xthrow.obj
 0001:0000440e       ?what@exception@std@@UBEPBDXZ 1000540e f i libcpmt:xthrow.obj
 0001:0000441b       __Thrd_sleep               1000541b f   libcpmt:cthread.obj
 0001:0000448e       __Xtime_diff_to_millis2    1000548e f   libcpmt:xtime.obj
 0001:000044d0       __Xtime_get_ticks          100054d0 f   libcpmt:xtime.obj
 0001:00004596       _xtime_get                 10005596 f   libcpmt:xtime.obj
 0001:000045dd       ??3@YAXPAX0@Z              100055dd f i libcpmt:mutex.obj
 0001:000045dd       @_guard_check_icall_nop@4  100055dd f i LIBCMT:guard_support.obj
 0001:00004988       ___crtGetSystemTimePreciseAsFileTime 10005988 f   libcpmt:winapisupp.obj
 0001:000049b1       ___crtInitializeCriticalSectionEx 100059b1 f   libcpmt:winapisupp.obj
 0001:000049e9       ??0_Init_locks@std@@QAE@XZ 100059e9 f   libcpmt:xlock.obj
 0001:00004a16       ??1_Init_locks@std@@QAE@XZ 10005a16 f   libcpmt:xlock.obj
 0001:00004a3d       __Mtxdst                   10005a3d f   libcpmt:xmtx.obj
 0001:00004a4b       __Mtxinit                  10005a4b f   libcpmt:xmtx.obj
 0001:00004a62       @__security_check_cookie@4 10005a62 f   LIBCMT:_secchk_.obj
 0001:00004a73       ??2@YAPAXI@Z               10005a73 f   LIBCMT:new_scalar.obj
 0001:00004aa3       ??$__crt_fast_encode_pointer@PAX@@YAPAXQAX@Z 10005aa3 f i libvcruntime:winapi_downlevel.obj
 0001:00004aa3       ??$__crt_fast_encode_pointer@PAP6AXXZ@@YAPAP6AXXZQAP6AXXZ@Z 10005aa3 f i LIBCMT:utility.obj
 0001:00004b04       ___scrt_acquire_startup_lock 10005b04 f   LIBCMT:utility.obj
 0001:00004b39       ___scrt_dllmain_after_initialize_c 10005b39 f   LIBCMT:utility.obj
 0001:00004b64       ___scrt_dllmain_before_initialize_c 10005b64 f   LIBCMT:utility.obj
 0001:00004b72       ___scrt_dllmain_crt_thread_attach 10005b72 f   LIBCMT:utility.obj
 0001:00004b91       ___scrt_dllmain_crt_thread_detach 10005b91 f   LIBCMT:utility.obj
 0001:00004b9e       ___scrt_dllmain_exception_filter 10005b9e f   LIBCMT:utility.obj
 0001:00004bd1       ___scrt_dllmain_uninitialize_c 10005bd1 f   LIBCMT:utility.obj
 0001:00004bf4       ___scrt_dllmain_uninitialize_critical 10005bf4 f   LIBCMT:utility.obj
 0001:00004c01       ___scrt_initialize_crt     10005c01 f   LIBCMT:utility.obj
 0001:00004c3a       ___scrt_initialize_onexit_tables 10005c3a f   LIBCMT:utility.obj
 0001:00004ce4       ___scrt_is_nonwritable_in_current_image 10005ce4 f   LIBCMT:utility.obj
 0001:00004d6e       ___scrt_release_startup_lock 10005d6e f   LIBCMT:utility.obj
 0001:00004d8b       ___scrt_uninitialize_crt   10005d8b f   LIBCMT:utility.obj
 0001:00004db3       __onexit                   10005db3 f   LIBCMT:utility.obj
 0001:00004dee       _atexit                    10005dee f   LIBCMT:utility.obj
 0001:00004e03       ??3@YAXPAX@Z               10005e03 f   LIBCMT:delete_scalar.obj
 0001:00005102       __DllMainCRTStartup@12     10006102 f   LIBCMT:dll_dllmain.obj
 0001:00005125       ??3@YAXPAXI@Z              10006125 f   LIBCMT:delete_scalar_size.obj
 0001:00005133       ??_Etype_info@@UAEPAXI@Z   10006133 f i LIBCMT:std_type_info_static.obj
 0001:00005133       ??_Gtype_info@@UAEPAXI@Z   10006133 f i LIBCMT:std_type_info_static.obj
 0001:00005156       @_guard_check_icall@4      10006156 f i LIBCMT:checkcfg.obj
 0001:00005160       __aulldvrm                 10006160 f   LIBCMT:ulldvrm.obj
 0001:000051f5       __EH_epilog3               100061f5 f   LIBCMT:ehprolg3.obj
 0001:0000520a       __EH_prolog3               1000620a f   LIBCMT:ehprolg3.obj
 0001:0000523e       __EH_prolog3_catch         1000623e f   LIBCMT:ehprolg3.obj
 0001:00005275       ___raise_securityfailure   10006275 f   LIBCMT:gs_report.obj
 0001:0000529d       ___report_gsfailure        1000629d f   LIBCMT:gs_report.obj
 0001:00005398       ___report_rangecheckfailure 10006398 f   LIBCMT:gs_report.obj
 0001:000053a4       ___report_securityfailure  100063a4 f   LIBCMT:gs_report.obj
 0001:00005474       ??0bad_array_new_length@std@@QAE@ABV01@@Z 10006474 f i LIBCMT:throw_bad_alloc.obj
 0001:0000548f       ??0bad_array_new_length@std@@QAE@XZ 1000648f f i LIBCMT:throw_bad_alloc.obj
 0001:000054a7       ?__scrt_throw_std_bad_array_new_length@@YAXXZ 100064a7 f   LIBCMT:throw_bad_alloc.obj
 0001:000054c4       ___isa_available_init      100064c4 f   LIBCMT:_cpu_disp_.obj
 0001:00005663       __get_startup_argv_mode    10006663 f   LIBCMT:argv_mode.obj
 0001:00005667       ___scrt_is_ucrt_dll_in_use 10006667 f   LIBCMT:ucrt_detection.obj
 0001:00005673       ___scrt_fastfail           10006673 f   LIBCMT:utility_desktop.obj
 0001:0000578f       __crt_debugger_hook        1000678f f   LIBCMT:utility_desktop.obj
 0001:000057a0       __SEH_prolog4              100067a0 f   LIBCMT:_sehprolg4_.obj
 0001:000057e6       __SEH_epilog4              100067e6 f   LIBCMT:_sehprolg4_.obj
 0001:0000584a       ___security_init_cookie    1000684a f   LIBCMT:gs_support.obj
 0001:0000589d       ?__scrt_initialize_type_info@@YAXXZ 1000689d f   LIBCMT:tncleanup.obj
 0001:000058a9       ?__scrt_uninitialize_type_info@@YAXXZ 100068a9 f   LIBCMT:tncleanup.obj
 0001:000058b5       ___local_stdio_scanf_options 100068b5 f i LIBCMT:default_local_stdio_options.obj
 0001:000058bb       ___scrt_initialize_default_local_stdio_options 100068bb f   LIBCMT:default_local_stdio_options.obj
 0001:000058d8       ___scrt_get_dyn_tls_init_callback 100068d8 f   LIBCMT:dyn_tls_init.obj
 0001:000058de       __RTC_Initialize           100068de f   LIBCMT:_initsect_.obj
 0001:00005909       __RTC_Terminate            10006909 f   LIBCMT:_initsect_.obj
 0001:00005934       ??1_NonReentrantBlockingLock@details@Concurrency@@QAE@XZ 10006934 f   libconcrt:rtlocks.obj
 0001:0000593c       ??1DefaultWaiterPool@platform@details@Concurrency@@QAE@XZ 1000693c f i libconcrt:Platform.obj
 0001:00005961       ??1WaiterThreadPool@platform@details@Concurrency@@QAE@XZ 10006961 f i libconcrt:Platform.obj
 0001:00005983       ?__TlsFree@platform@details@Concurrency@@YAXK@Z 10006983 f   libconcrt:Platform.obj
 0001:00005991       ?notify@WaiterThread@platform@details@Concurrency@@AAEX_N@Z 10006991 f i libconcrt:Platform.obj
 0001:000059c5       __concrt_static_cleanup    100069c5 f   libconcrt:utils.obj
 0001:000059d3       ?InitializeCookie@Security@details@Concurrency@@SAKXZ 100069d3 f   libconcrt:utils.obj
 0001:00005a21       ?CheckOneShotStaticDestruction@SchedulerBase@details@Concurrency@@SAXXZ 10006a21 f   libconcrt:SchedulerBase.obj
 0001:00005a47       ?OneShotStaticDestruction@SchedulerBase@details@Concurrency@@CAXXZ 10006a47 f   libconcrt:SchedulerBase.obj
 0001:00005a60       ?OneShotStaticDestruction@UMSThreadScheduler@details@Concurrency@@SAXXZ 10006a60 f   libconcrt:UMSThreadScheduler.obj
 0001:00005a74       ?_CallCatchBlock2@@YAPAXPAUEHRegistrationNode@@PBU_s_FuncInfo@@PAXHK@Z 10006a74 f   libvcruntime:trnsctrl.obj
 0001:00005ad4       ?_CallSETranslator@@YAHPAUEHExceptionRecord@@PAUEHRegistrationNode@@PAX2PBU_s_FuncInfo@@H1@Z 10006ad4 f   libvcruntime:trnsctrl.obj
 0001:00005bb1       ?_GetRangeOfTrysToCheck@@YAPBU_s_TryBlockMapEntry@@PBU_s_FuncInfo@@HHPAI1@Z 10006bb1 f   libvcruntime:trnsctrl.obj
 0001:00005c29       ?_JumpToContinuation@@YGXPAXPAUEHRegistrationNode@@@Z 10006c29 f   libvcruntime:trnsctrl.obj
 0001:00005c5b       ?_UnwindNestedFrames@@YGXPAUEHRegistrationNode@@PAUEHExceptionRecord@@@Z 10006c5b f   libvcruntime:trnsctrl.obj
 0001:00005cb0       __CatchGuardHandler        10006cb0 f   libvcruntime:trnsctrl.obj
 0001:00005ce1       __CreateFrameInfo          10006ce1 f   libvcruntime:trnsctrl.obj
 0001:00005d05       __FindAndUnlinkFrame       10006d05 f   libvcruntime:trnsctrl.obj
 0001:00005d4f       __TranslatorGuardHandler   10006d4f f   libvcruntime:trnsctrl.obj
 0001:00005dee       ___CxxFrameHandler3        10006dee f   libvcruntime:trnsctrl.obj
 0001:00005e30       _memmove                   10006e30 f   libvcruntime:memmove.obj
 0001:000063b0       _memcpy                    100073b0 f   libvcruntime:memcpy.obj
 0001:00006924       ___DestructExceptionObject 10007924 f   libvcruntime:ehhelpers.obj
 0001:000069b8       ?_CallMemberFunction0@@YGXQAX0@Z 100079b8 f i libvcruntime:ehhelpers.obj
 0001:000069c5       __IsExceptionObjectToBeDestroyed 100079c5 f   libvcruntime:ehhelpers.obj
 0001:000069eb       ___AdjustPointer           100079eb f   libvcruntime:ehhelpers.obj
 0001:00006a10       ___FrameUnwindFilter       10007a10 f   libvcruntime:ehhelpers.obj
 0001:00006a55       ___std_exception_copy      10007a55 f   libvcruntime:std_exception.obj
 0001:00006ab8       ___std_exception_destroy   10007ab8 f   libvcruntime:std_exception.obj
 0001:00006ad7       __CxxThrowException@8      10007ad7 f   libvcruntime:throw.obj
 0001:00006b45       ___vcrt_initialize         10007b45 f   libvcruntime:initialization.obj
 0001:00006b6e       ___vcrt_thread_attach      10007b6e f   libvcruntime:initialization.obj
 0001:00006b79       ___vcrt_thread_detach      10007b79 f   libvcruntime:initialization.obj
 0001:00006b84       ___vcrt_uninitialize       10007b84 f   libvcruntime:initialization.obj
 0001:00006ba3       ___vcrt_uninitialize_critical 10007ba3 f   libvcruntime:initialization.obj
 0001:00006bf0       __except_handler4          10007bf0 f   libvcruntime:_chandler4_.obj
 0001:00006d60       _memset                    10007d60 f   libvcruntime:memset.obj
 0001:00006eba       ___std_type_info_compare   10007eba f   libvcruntime:std_type_info.obj
 0001:00006ef6       ___std_type_info_destroy_list 10007ef6 f   libvcruntime:std_type_info.obj
 0001:00006f19       __get_purecall_handler     10007f19 f   libvcruntime:purevirt.obj
 0001:00006f2e       __purecall                 10007f2e f   libvcruntime:purevirt.obj
 0001:00006f49       ___vcrt_freefls@4          10007f49 f   libvcruntime:per_thread_data.obj
 0001:00006f65       ___vcrt_freeptd            10007f65 f   libvcruntime:per_thread_data.obj
 0001:00006f9b       ___vcrt_getptd             10007f9b f   libvcruntime:per_thread_data.obj
 0001:00006fa9       ___vcrt_getptd_noexit      10007fa9 f   libvcruntime:per_thread_data.obj
 0001:0000703b       ___vcrt_initialize_ptd     1000803b f   libvcruntime:per_thread_data.obj
 0001:0000706e       ___vcrt_uninitialize_ptd   1000806e f   libvcruntime:per_thread_data.obj
 0001:00007090       __CallSettingFrame@12      10008090 f   libvcruntime:lowhelpr.obj
 0001:000070b7       __NLG_Return               100080b7     libvcruntime:lowhelpr.obj
 0001:000070dc       ??0bad_exception@std@@QAE@ABV01@@Z 100080dc f i libvcruntime:frame.obj
 0001:000070f7       ??0bad_exception@std@@QAE@XZ 100080f7 f i libvcruntime:frame.obj
 0001:0000710f       ??1bad_alloc@std@@UAE@XZ   1000810f f i libcpmt:xthrow.obj
 0001:0000710f       ??1length_error@std@@UAE@XZ 1000810f f i libcpmt:xthrow.obj
 0001:0000710f       ??1bad_array_new_length@std@@UAE@XZ 1000810f f i LIBCMT:throw_bad_alloc.obj
 0001:0000710f       ??1bad_exception@std@@UAE@XZ 1000810f f i libvcruntime:frame.obj
 0001:00007120       ??8type_info@@QBE_NABV0@@Z 10008120 f i libvcruntime:frame.obj
 0001:0000713f       ??_Gbad_exception@std@@UAEPAXI@Z 1000813f f i libvcruntime:frame.obj
 0001:0000713f       ??_Elength_error@std@@UAEPAXI@Z 1000813f f i libcpmt:xthrow.obj
 0001:0000713f       ??_Gbad_array_new_length@std@@UAEPAXI@Z 1000813f f i LIBCMT:throw_bad_alloc.obj
 0001:0000713f       ??_Glength_error@std@@UAEPAXI@Z 1000813f f i libcpmt:xthrow.obj
 0001:0000713f       ??_Ebad_alloc@std@@UAEPAXI@Z 1000813f f i libcpmt:xthrow.obj
 0001:0000713f       ??_Eexception@std@@UAEPAXI@Z 1000813f f i libcpmt:xthrow.obj
 0001:0000713f       ??_Ebad_exception@std@@UAEPAXI@Z 1000813f f i libvcruntime:frame.obj
 0001:0000713f       ??_Elogic_error@std@@UAEPAXI@Z 1000813f f i libcpmt:xthrow.obj
 0001:0000713f       ??_Gbad_alloc@std@@UAEPAXI@Z 1000813f f i libcpmt:xthrow.obj
 0001:0000713f       ??_Gexception@std@@UAEPAXI@Z 1000813f f i libcpmt:xthrow.obj
 0001:0000713f       ??_Ebad_array_new_length@std@@UAEPAXI@Z 1000813f f i LIBCMT:throw_bad_alloc.obj
 0001:0000713f       ??_Glogic_error@std@@UAEPAXI@Z 1000813f f i libcpmt:xthrow.obj
 0001:00007964       ?_CallMemberFunction1@@YGXQAX00@Z 10008964 f i libvcruntime:frame.obj
 0001:00007974       ?_CallMemberFunction2@@YGXQAX00H@Z 10008974 f i libvcruntime:frame.obj
 0001:00007987       ___BuildCatchObject        10008987 f   libvcruntime:frame.obj
 0001:00007a16       ___BuildCatchObjectHelper  10008a16 f   libvcruntime:frame.obj
 0001:00007b44       ___FrameUnwindToState      10008b44 f   libvcruntime:frame.obj
 0001:00007c0c       ___InternalCxxFrameHandler 10008c0c f   libvcruntime:frame.obj
 0001:00007d08       ___TypeMatch               10008d08 f   libvcruntime:frame.obj
 0001:00007d96       ___except_validate_context_record 10008d96 f   libvcruntime:jbcxrval.obj
 0001:00007dc6       ___except_validate_jump_buffer 10008dc6 f   libvcruntime:jbcxrval.obj
 0001:00007df3       ___vcrt_initialize_locks   10008df3 f   libvcruntime:locks.obj
 0001:00007e2f       ___vcrt_uninitialize_locks 10008e2f f   libvcruntime:locks.obj
 0001:00007fa4       ___vcrt_FlsAlloc           10008fa4 f   libvcruntime:winapi_downlevel.obj
 0001:00007fde       ___vcrt_FlsFree            10008fde f   libvcruntime:winapi_downlevel.obj
 0001:00008018       ___vcrt_FlsGetValue        10009018 f   libvcruntime:winapi_downlevel.obj
 0001:00008052       ___vcrt_FlsSetValue        10009052 f   libvcruntime:winapi_downlevel.obj
 0001:0000808f       ___vcrt_InitializeCriticalSectionEx 1000908f f   libvcruntime:winapi_downlevel.obj
 0001:000080d5       ___vcrt_initialize_winapi_thunks 100090d5 f   libvcruntime:winapi_downlevel.obj
 0001:0000810f       ___vcrt_uninitialize_winapi_thunks 1000910f f   libvcruntime:winapi_downlevel.obj
 0001:00008141       ___vcrt_initialize_pure_virtual_call_handler 10009141 f   libvcruntime:purevirt_data.obj
 0001:00008160       __local_unwind4            10009160 f   libvcruntime:_exsup4_.obj
 0001:00008238       __seh_longjmp_unwind4@4    10009238 f   libvcruntime:_exsup4_.obj
 0001:00008260       @_EH4_CallFilterFunc@8     10009260 f   libvcruntime:_exsup4_.obj
 0001:00008278       @_EH4_TransferToHandler@8  10009278 f   libvcruntime:_exsup4_.obj
 0001:00008294       @_EH4_GlobalUnwind2@8      10009294 f   libvcruntime:_exsup4_.obj
 0001:000082b0       @_EH4_LocalUnwind@16       100092b0 f   libvcruntime:_exsup4_.obj
 0001:000082d0       __global_unwind2           100092d0 f   libvcruntime:_exsup_.obj
 0001:00008336       __local_unwind2            10009336 f   libvcruntime:_exsup_.obj
 0001:000083ba       __abnormal_termination     100093ba f   libvcruntime:_exsup_.obj
 0001:000083e0       __NLG_Notify1              100093e0 f   libvcruntime:_exsup_.obj
 0001:000083ec       __NLG_Notify               100093ec f   libvcruntime:_exsup_.obj
 0001:00008403       __NLG_Dispatch             10009403     libvcruntime:_exsup_.obj
 0001:00008403       __NLG_Dispatch2            10009403     libvcruntime:_exsup_.obj
 0001:0000840b       __NLG_Call                 1000940b f   libvcruntime:_exsup_.obj
 0001:0000840d       __NLG_Return2              1000940d     libvcruntime:_exsup_.obj
 0001:0000840e       _unexpected                1000940e f   libvcruntime:unexpected.obj
 0001:00008976       __ftelli64_nolock          10009976 f   libucrt:ftell.obj
 0001:00008981       _ftell                     10009981 f   libucrt:ftell.obj
 0001:0000898c       __fclose_nolock            1000998c f   libucrt:fclose.obj
 0001:00008a02       _fclose                    10009a02 f   libucrt:fclose.obj
 0001:00008a82       ?LongLongSub@@YAJ_J0PA_J@Z 10009a82 f i libucrt:fseek.obj
 0001:00008d3c       _fseek                     10009d3c f   libucrt:fseek.obj
 0001:00008e18       _fopen_s                   10009e18 f   libucrt:fopen.obj
 0001:00008e5f       __fread_nolock_s           10009e5f f   libucrt:fread.obj
 0001:0000902b       _fread                     1000a02b f   libucrt:fread.obj
 0001:00009048       _fread_s                   1000a048 f   libucrt:fread.obj
 0001:000090db       ??$?RV<lambda_5be909dfbae0a631386585770cd7b676>@@AAV<lambda_e516058a9c289d98c8ca9fea99247804>@@V<lambda_afe2e0cdc5e0ecf6f0d6f5e2f8985e38>@@@?$__crt_seh_guarded_call@H@@QAEH$$QAV<lambda_5be909dfbae0a631386585770cd7b676>@@AAV<lambda_e516058a9c289d98c8ca9fea99247804>@@$$QAV<lambda_afe2e0cdc5e0ecf6f0d6f5e2f8985e38>@@@Z 1000a0db f i libucrt:output.obj
 0001:0000912c       ??$__acrt_lock_stream_and_call@V<lambda_e516058a9c289d98c8ca9fea99247804>@@@@YAHQAU_iobuf@@$$QAV<lambda_e516058a9c289d98c8ca9fea99247804>@@@Z 1000a12c f i libucrt:output.obj
 0001:00009154       ??$count@D@formatting_buffer@__crt_stdio_output@@QBEIXZ 1000a154 f i libucrt:output.obj
 0001:0000916c       ??$ensure_buffer_is_big_enough@D@formatting_buffer@__crt_stdio_output@@QAE_NI@Z 1000a16c f i libucrt:output.obj
 0001:000091f2       ??$is_wide_character_specifier@D@__crt_stdio_output@@YA_N_KDW4length_modifier@0@@Z 1000a1f2 f i libucrt:output.obj
 0001:00009232       ??$scratch_data@D@formatting_buffer@__crt_stdio_output@@QAEPADXZ 1000a232 f i libucrt:output.obj
 0001:00009250       ??$type_case_integer_parse_into_buffer@I@?$output_processor@DV?$stream_output_adapter@D@__crt_stdio_output@@V?$format_validation_base@DV?$stream_output_adapter@D@__crt_stdio_output@@@2@@__crt_stdio_output@@AAEXII_N@Z 1000a250 f i libucrt:output.obj
 0001:000092c5       ??$type_case_integer_parse_into_buffer@_K@?$output_processor@DV?$stream_output_adapter@D@__crt_stdio_output@@V?$format_validation_base@DV?$stream_output_adapter@D@__crt_stdio_output@@@2@@__crt_stdio_output@@AAEX_KI_N@Z 1000a2c5 f i libucrt:output.obj
 0001:0000934d       ??$write_multiple_characters@V?$stream_output_adapter@D@__crt_stdio_output@@D@__crt_stdio_output@@YAXABV?$stream_output_adapter@D@0@DHQAH@Z 1000a34d f i libucrt:output.obj
 0001:00009379       ??0?$common_data@D@__crt_stdio_output@@IAE@XZ 1000a379 f i libucrt:output.obj
 0001:000093c0       ??0?$output_adapter_data@DV?$stream_output_adapter@D@__crt_stdio_output@@@__crt_stdio_output@@IAE@ABV?$stream_output_adapter@D@1@_KQBDQAU__crt_locale_pointers@@QAD@Z 1000a3c0 f i libucrt:output.obj
 0001:000093fc       ??0?$output_processor@DV?$stream_output_adapter@D@__crt_stdio_output@@V?$format_validation_base@DV?$stream_output_adapter@D@__crt_stdio_output@@@2@@__crt_stdio_output@@QAE@ABV?$stream_output_adapter@D@1@_KQBDQAU__crt_locale_pointers@@QAD@Z 1000a3fc f i libucrt:output.obj
 0001:00009431       ??0_LocaleUpdate@@QAE@QAU__crt_locale_pointers@@@Z 1000a431 f i libucrt:output.obj
 0001:000094b4       ??1formatting_buffer@__crt_stdio_output@@QAE@XZ 1000a4b4 f i libucrt:output.obj
 0001:000094ce       ??4?$__crt_unique_heap_ptr@DU__crt_internal_free_policy@@@@QAEAAV0@$$QAV0@@Z 1000a4ce f i libucrt:output.obj
 0001:000095af       ?crop_zeroes@__crt_stdio_output@@YAXPADQAU__crt_locale_pointers@@@Z 1000a5af f i libucrt:output.obj
 0001:00009606       ?find_next_state@?$output_processor@DV?$stream_output_adapter@D@__crt_stdio_output@@V?$format_validation_base@DV?$stream_output_adapter@D@__crt_stdio_output@@@2@@__crt_stdio_output@@ABE?AW4state@2@DW432@@Z 1000a606 f i libucrt:output.obj
 0001:0000963b       ?force_decimal_point@__crt_stdio_output@@YAXPADQAU__crt_locale_pointers@@@Z 1000a63b f i libucrt:output.obj
 0001:00009697       ?parse_int_from_format_string@?$output_processor@DV?$stream_output_adapter@D@__crt_stdio_output@@V?$format_validation_base@DV?$stream_output_adapter@D@__crt_stdio_output@@@2@@__crt_stdio_output@@AAE_NQAH@Z 1000a697 f i libucrt:output.obj
 0001:000096f3       ?process@?$output_processor@DV?$stream_output_adapter@D@__crt_stdio_output@@V?$format_validation_base@DV?$stream_output_adapter@D@__crt_stdio_output@@@2@@__crt_stdio_output@@QAEHXZ 1000a6f3 f i libucrt:output.obj
 0001:0000981b       ?state_case_flag@?$output_processor@DV?$stream_output_adapter@D@__crt_stdio_output@@V?$format_validation_base@DV?$stream_output_adapter@D@__crt_stdio_output@@@2@@__crt_stdio_output@@AAE_NXZ 1000a81b f i libucrt:output.obj
 0001:00009858       ?state_case_normal@?$output_processor@DV?$stream_output_adapter@D@__crt_stdio_output@@V?$format_validation_base@DV?$stream_output_adapter@D@__crt_stdio_output@@@2@@__crt_stdio_output@@AAE_NXZ 1000a858 f i libucrt:output.obj
 0001:00009877       ?state_case_normal_common@?$output_processor@DV?$stream_output_adapter@D@__crt_stdio_output@@V?$format_validation_base@DV?$stream_output_adapter@D@__crt_stdio_output@@@2@@__crt_stdio_output@@AAE_NXZ 1000a877 f i libucrt:output.obj
 0001:000098a1       ?state_case_normal_tchar@?$output_processor@DV?$stream_output_adapter@D@__crt_stdio_output@@V?$format_validation_base@DV?$stream_output_adapter@D@__crt_stdio_output@@@2@@__crt_stdio_output@@AAE_ND@Z 1000a8a1 f i libucrt:output.obj
 0001:00009902       ?state_case_precision@?$output_processor@DV?$stream_output_adapter@D@__crt_stdio_output@@V?$format_validation_base@DV?$stream_output_adapter@D@__crt_stdio_output@@@2@@__crt_stdio_output@@AAE_NXZ 1000a902 f i libucrt:output.obj
 0001:0000992a       ?state_case_size@?$output_processor@DV?$stream_output_adapter@D@__crt_stdio_output@@V?$format_validation_base@DV?$stream_output_adapter@D@__crt_stdio_output@@@2@@__crt_stdio_output@@AAE_NXZ 1000a92a f i libucrt:output.obj
 0001:00009a93       ?state_case_type@?$output_processor@DV?$stream_output_adapter@D@__crt_stdio_output@@V?$format_validation_base@DV?$stream_output_adapter@D@__crt_stdio_output@@@2@@__crt_stdio_output@@AAE_NXZ 1000aa93 f i libucrt:output.obj
 0001:00009cc2       ?state_case_width@?$output_processor@DV?$stream_output_adapter@D@__crt_stdio_output@@V?$format_validation_base@DV?$stream_output_adapter@D@__crt_stdio_output@@@2@@__crt_stdio_output@@AAE_NXZ 1000acc2 f i libucrt:output.obj
 0001:00009ced       ?to_integer_size@__crt_stdio_output@@YAIW4length_modifier@1@@Z 1000aced f i libucrt:output.obj
 0001:00009d49       ?type_case_Z@?$output_processor@DV?$stream_output_adapter@D@__crt_stdio_output@@V?$format_validation_base@DV?$stream_output_adapter@D@__crt_stdio_output@@@2@@__crt_stdio_output@@AAE_NXZ 1000ad49 f i libucrt:output.obj
 0001:00009dac       ?type_case_a@?$output_processor@DV?$stream_output_adapter@D@__crt_stdio_output@@V?$format_validation_base@DV?$stream_output_adapter@D@__crt_stdio_output@@@2@@__crt_stdio_output@@AAE_NXZ 1000adac f i libucrt:output.obj
 0001:00009f06       ?type_case_c_tchar@?$output_processor@DV?$stream_output_adapter@D@__crt_stdio_output@@V?$format_validation_base@DV?$stream_output_adapter@D@__crt_stdio_output@@@2@@__crt_stdio_output@@AAE_ND@Z 1000af06 f i libucrt:output.obj
 0001:00009f96       ?type_case_integer@?$output_processor@DV?$stream_output_adapter@D@__crt_stdio_output@@V?$format_validation_base@DV?$stream_output_adapter@D@__crt_stdio_output@@@2@@__crt_stdio_output@@AAE_NI_N@Z 1000af96 f i libucrt:output.obj
 0001:0000a0e0       ?type_case_n@?$output_processor@DV?$stream_output_adapter@D@__crt_stdio_output@@V?$format_validation_base@DV?$stream_output_adapter@D@__crt_stdio_output@@@2@@__crt_stdio_output@@AAE_NXZ 1000b0e0 f i libucrt:output.obj
 0001:0000a154       ?type_case_o@?$output_processor@DV?$stream_output_adapter@D@__crt_stdio_output@@V?$format_validation_base@DV?$stream_output_adapter@D@__crt_stdio_output@@@2@@__crt_stdio_output@@AAE_NXZ 1000b154 f i libucrt:output.obj
 0001:0000a173       ?type_case_p@?$output_processor@DV?$stream_output_adapter@D@__crt_stdio_output@@V?$format_validation_base@DV?$stream_output_adapter@D@__crt_stdio_output@@@2@@__crt_stdio_output@@AAE_NXZ 1000b173 f i libucrt:output.obj
 0001:0000a18b       ?type_case_s@?$output_processor@DV?$stream_output_adapter@D@__crt_stdio_output@@V?$format_validation_base@DV?$stream_output_adapter@D@__crt_stdio_output@@@2@@__crt_stdio_output@@AAE_NXZ 1000b18b f i libucrt:output.obj
 0001:0000a1fe       ?validate@?$stream_output_adapter@D@__crt_stdio_output@@QBE_NXZ 1000b1fe f i libucrt:output.obj
 0001:0000a21f       ?validate_and_update_state_at_end_of_format_string@?$format_validation_base@DV?$stream_output_adapter@D@__crt_stdio_output@@@__crt_stdio_output@@IBE_NXZ 1000b21f f i libucrt:output.obj
 0001:0000a241       ?validate_stream_is_ansi_if_required@?$__acrt_stdio_char_traits@D@@SA_NQAU_iobuf@@@Z 1000b241 f i libucrt:output.obj
 0001:0000a2c3       ?write_character@?$stream_output_adapter@D@__crt_stdio_output@@QBEXDQAH@Z 1000b2c3 f i libucrt:output.obj
 0001:0000a300       ?write_stored_string_tchar@?$output_processor@DV?$stream_output_adapter@D@__crt_stdio_output@@V?$format_validation_base@DV?$stream_output_adapter@D@__crt_stdio_output@@@2@@__crt_stdio_output@@AAE_ND@Z 1000b300 f i libucrt:output.obj
 0001:0000a3a7       ?write_string@?$stream_output_adapter@D@__crt_stdio_output@@QBEXQBDHQAH1@Z 1000b3a7 f i libucrt:output.obj
 0001:0000a431       ___stdio_common_vfprintf_s 1000b431 f   libucrt:output.obj
 0001:0000a4a8       ___acrt_call_reportfault   1000b4a8 f   libucrt:invalid_parameter.obj
 0001:0000a5e3       ___acrt_initialize_invalid_parameter_handler 1000b5e3 f   libucrt:invalid_parameter.obj
 0001:0000a5f7       __invalid_parameter        1000b5f7 f   libucrt:invalid_parameter.obj
 0001:0000a672       __invalid_parameter_noinfo 1000b672 f   libucrt:invalid_parameter.obj
 0001:0000a682       __invalid_parameter_noinfo_noreturn 1000b682 f   libucrt:invalid_parameter.obj
 0001:0000a69f       __invoke_watson            1000b69f f   libucrt:invalid_parameter.obj
 0001:0000a6d2       _abort                     1000b6d2 f   libucrt:abort.obj
 0001:0000a715       ___acrt_initialize_stdio   1000b715 f   libucrt:_file.obj
 0001:0000a7dd       ___acrt_iob_func           1000b7dd f   libucrt:_file.obj
 0001:0000a7ed       ___acrt_uninitialize_stdio 1000b7ed f   libucrt:_file.obj
 0001:0000a839       __lock_file                1000b839 f   libucrt:_file.obj
 0001:0000a84d       __unlock_file              1000b84d f   libucrt:_file.obj
 0001:0000a861       __fputc_nolock             1000b861 f   libucrt:fputc.obj
 0001:0000a88a       __calloc_base              1000b88a f   libucrt:calloc_base.obj
 0001:0000a8e7       __free_base                1000b8e7 f   libucrt:free_base.obj
 0001:0000a921       _terminate                 1000b921 f   libucrt:terminate.obj
 0001:0000a95d       ___acrt_initialize_locks   1000b95d f   libucrt:locks.obj
 0001:0000a99e       ___acrt_lock               1000b99e f   libucrt:locks.obj
 0001:0000a9b5       ___acrt_uninitialize_locks 1000b9b5 f   libucrt:locks.obj
 0001:0000a9e6       ___acrt_unlock             1000b9e6 f   libucrt:locks.obj
 0001:0000a9fd       ___acrt_initialize_new_handler 1000b9fd f   libucrt:new_handler.obj
 0001:0000aa11       __callnewh                 1000ba11 f   libucrt:new_handler.obj
 0001:0000aa55       __query_new_handler        1000ba55 f   libucrt:new_handler.obj
 0001:0000aaa7       _malloc                    1000baa7 f   libucrt:malloc.obj
 0001:0000aab2       __seh_filter_dll           1000bab2 f   libucrt:exception_filter.obj
 0001:0000aad2       __seh_filter_exe           1000bad2 f   libucrt:exception_filter.obj
 0001:0000ae60       ___acrt_initialize_thread_local_exit_callback 1000be60 f   libucrt:exit.obj
 0001:0000ae6f       __cexit                    1000be6f f   libucrt:exit.obj
 0001:0000ae7e       __exit                     1000be7e f   libucrt:exit.obj
 0001:0000ae94       __is_c_termination_complete 1000be94 f   libucrt:exit.obj
 0001:0000b133       ___acrt_allocate_buffer_for_argv 1000c133 f   libucrt:argv_parsing.obj
 0001:0000b188       __configure_narrow_argv    1000c188 f   libucrt:argv_parsing.obj
 0001:0000b2ec       ??$uninitialize@A6AXAAPAPA_W@Z@?$dual_state_global@PAPA_W@__crt_state_management@@QAEXA6AXAAPAPA_W@Z@Z 1000c2ec f i libucrt:environment_initialization.obj
 0001:0000b2ec       ??$uninitialize@A6AXAAPAPAD@Z@?$dual_state_global@PAPAD@__crt_state_management@@QAEXA6AXAAPAPAD@Z@Z 1000c2ec f i libucrt:environment_initialization.obj
 0001:0000b362       ___dcrt_uninitialize_environments_nolock 1000c362 f   libucrt:environment_initialization.obj
 0001:0000b399       __initialize_narrow_environment 1000c399 f   libucrt:environment_initialization.obj
 0001:0000b39e       ??$?RV<lambda_800076c951b434888f4765a74a194fcc>@@AAV<lambda_4e60a939b0d047cfe11ddc22648dfba9>@@V<lambda_6dbb1268764f43b569ce7b67e331d33a>@@@?$__crt_seh_guarded_call@H@@QAEH$$QAV<lambda_800076c951b434888f4765a74a194fcc>@@AAV<lambda_4e60a939b0d047cfe11ddc22648dfba9>@@$$QAV<lambda_6dbb1268764f43b569ce7b67e331d33a>@@@Z 1000c39e f i libucrt:onexit.obj
 0001:0000b3ef       ??$?RV<lambda_995298e7d72eb4c2aab26c0585b3abe5>@@AAV<lambda_275893d493268fdec8709772e3fcec0e>@@V<lambda_293819299cbf9a7022e18b56a874bb5c>@@@?$__crt_seh_guarded_call@H@@QAEH$$QAV<lambda_995298e7d72eb4c2aab26c0585b3abe5>@@AAV<lambda_275893d493268fdec8709772e3fcec0e>@@$$QAV<lambda_293819299cbf9a7022e18b56a874bb5c>@@@Z 1000c3ef f i libucrt:onexit.obj
 0001:0000b440       ??$__acrt_lock_and_call@V<lambda_275893d493268fdec8709772e3fcec0e>@@@@YAHW4__acrt_lock_id@@$$QAV<lambda_275893d493268fdec8709772e3fcec0e>@@@Z 1000c440 f i libucrt:onexit.obj
 0001:0000b468       ??$__acrt_lock_and_call@V<lambda_4e60a939b0d047cfe11ddc22648dfba9>@@@@YAHW4__acrt_lock_id@@$$QAV<lambda_4e60a939b0d047cfe11ddc22648dfba9>@@@Z 1000c468 f i libucrt:onexit.obj
 0001:0000b490       ??$__crt_fast_encode_pointer@P6AHXZ@@YAP6AHXZQ6AHXZ@Z 1000c490 f i libucrt:onexit.obj
 0001:0000b710       __crt_atexit               1000c710 f   libucrt:onexit.obj
 0001:0000b726       __execute_onexit_table     1000c726 f   libucrt:onexit.obj
 0001:0000b743       __initialize_onexit_table  1000c743 f   libucrt:onexit.obj
 0001:0000b780       __register_onexit_function 1000c780 f   libucrt:onexit.obj
 0001:0000b7d0       ___acrt_uninitialize_command_line 1000c7d0 f   libucrt:argv_data.obj
 0001:0000b898       ?initialize@?$dual_state_global@PAPAD@__crt_state_management@@QAEXQAPAD@Z 1000c898 f i libucrt:environment_initialization.obj
 0001:0000b898       ?initialize@?$dual_state_global@P6AXPB_W00II@Z@__crt_state_management@@QAEXQ6AXPB_W00II@Z@Z 1000c898 f i libucrt:invalid_parameter.obj
 0001:0000b898       ?initialize@?$dual_state_global@P6AHPAU_exception@@@Z@__crt_state_management@@QAEXQ6AHPAU_exception@@@Z@Z 1000c898 f i libucrt:matherr.obj
 0001:0000b898       ?initialize@?$dual_state_global@PAU__crt_locale_data@@@__crt_state_management@@QAEXQAU__crt_locale_data@@@Z 1000c898 f i libucrt:initialization.obj
 0001:0000b898       ?initialize@?$dual_state_global@P6AXH@Z@__crt_state_management@@QAEXQ6AXH@Z@Z 1000c898 f i libucrt:signal.obj
 0001:0000b898       ?initialize@?$dual_state_global@P6AHI@Z@__crt_state_management@@QAEXQ6AHI@Z@Z 1000c898 f i libucrt:new_handler.obj
 0001:0000b8c9       ___acrt_initialize         1000c8c9 f   libucrt:initialization.obj
 0001:0000b8db       ___acrt_thread_attach      1000c8db f   libucrt:initialization.obj
 0001:0000b8e6       ___acrt_thread_detach      1000c8e6 f   libucrt:initialization.obj
 0001:0000b8ee       ___acrt_uninitialize       1000c8ee f   libucrt:initialization.obj
 0001:0000b900       ___acrt_uninitialize_critical 1000c900 f   libucrt:initialization.obj
 0001:0000b912       _free                      1000c912 f   libucrt:free.obj
 0001:0000b917       __initterm                 1000c917 f   libucrt:initterm.obj
 0001:0000b973       __initterm_e               1000c973 f   libucrt:initterm.obj
 0001:0000b9b8       ___acrt_stdio_flush_nolock 1000c9b8 f   libucrt:fflush.obj
 0001:0000ba1e       __fflush_nolock            1000ca1e f   libucrt:fflush.obj
 0001:0000ba65       __flushall                 1000ca65 f   libucrt:fflush.obj
 0001:0000bb50       _exp                       1000cb50 f   libucrt:87ctran.obj
 0001:0000bb8c       __CIexp                    1000cb8c f   libucrt:87ctran.obj
 0001:0000bbc7       __exp_default              1000cbc7 f   libucrt:87ctran.obj
 0001:0000bbd1       __CIexp_default            1000cbd1 f   libucrt:87ctran.obj
 0001:0000bbdb       _strcpy_s                  1000cbdb f   libucrt:strcpy_s.obj
 0001:0000bc35       __malloc_base              1000cc35 f   libucrt:malloc_base.obj
 0001:0000bc83       _wcsncmp                   1000cc83 f   libucrt:wcsncmp.obj
 0001:0000bcbd       ??$is_overflow_condition@K@__crt_strtox@@YA_NIK@Z 1000ccbd f i libucrt:atox.obj
 0001:0000bcf0       ??$parse_integer@KV?$c_string_character_source@D@__crt_strtox@@@__crt_strtox@@YAKQAU__crt_locale_pointers@@V?$c_string_character_source@D@0@H_N@Z 1000ccf0 f i libucrt:atox.obj
 0001:0000bf18       ?unget@?$c_string_character_source@D@__crt_strtox@@QAEXD@Z 1000cf18 f i libucrt:atox.obj
 0001:0000bf40       ?validate@?$c_string_character_source@D@__crt_strtox@@QBE_NXZ 1000cf40 f i libucrt:atox.obj
 0001:0000bf5b       __chvalidchk_l             1000cf5b f i libucrt:atox.obj
 0001:0000bf85       __ischartype_l             1000cf85 f i libucrt:atox.obj
 0001:0000bfb8       ___acrt_errno_from_os_error 1000cfb8 f   libucrt:errno.obj
 0001:0000bffb       ___acrt_errno_map_os_error 1000cffb f   libucrt:errno.obj
 0001:0000c01e       ___doserrno                1000d01e f   libucrt:errno.obj
 0001:0000c031       __errno                    1000d031 f   libucrt:errno.obj
 0001:0000c1c7       __lseeki64                 1000d1c7 f   libucrt:lseek.obj
 0001:0000c1e2       __lseeki64_nolock          1000d1e2 f   libucrt:lseek.obj
 0001:0000c1fd       __fileno                   1000d1fd f   libucrt:fileno.obj
 0001:0000c70b       __read                     1000d70b f   libucrt:read.obj
 0001:0000c81e       __read_nolock              1000d81e f   libucrt:read.obj
 0001:0000cd3f       ___acrt_initialize_lowio   1000dd3f f   libucrt:ioinit.obj
 0001:0000cd95       ___acrt_uninitialize_lowio 1000dd95 f   libucrt:ioinit.obj
 0001:0000cdc1       ??$?RV<lambda_123407a5e2ac06da108355a851863b7a>@@AAV<lambda_2fe9b910cf3cbf4a0ab98a02ba45b3ec>@@V<lambda_ae55bdf541ad94d75914d381c370e64d>@@@?$__crt_seh_guarded_call@H@@QAEH$$QAV<lambda_123407a5e2ac06da108355a851863b7a>@@AAV<lambda_2fe9b910cf3cbf4a0ab98a02ba45b3ec>@@$$QAV<lambda_ae55bdf541ad94d75914d381c370e64d>@@@Z 1000ddc1 f i libucrt:close.obj
 0001:0000ce43       ??$__acrt_lowio_lock_fh_and_call@V<lambda_2fe9b910cf3cbf4a0ab98a02ba45b3ec>@@@@YAHH$$QAV<lambda_2fe9b910cf3cbf4a0ab98a02ba45b3ec>@@@Z 1000de43 f i libucrt:close.obj
 0001:0000ce6b       __close                    1000de6b f   libucrt:close.obj
 0001:0000ceea       __close_nolock             1000deea f   libucrt:close.obj
 0001:0000cf86       ?__acrt_stdio_allocate_stream@@YA?AV__crt_stdio_stream@@XZ 1000df86 f   libucrt:stream.obj
 0001:0000cfe5       ?__acrt_stdio_free_stream@@YAXV__crt_stdio_stream@@@Z 1000dfe5 f   libucrt:stream.obj
 0001:0000d0e3       ___acrt_stdio_free_buffer_nolock 1000e0e3 f   libucrt:_freebuf.obj
 0001:0000d121       ??$__acrt_stdio_parse_mode@D@@YA?AU__acrt_stdio_stream_mode@@QBD@Z 1000e121 f i libucrt:openfile.obj
 0001:0000d3d8       ?__acrt_stdio_parse_mode_D@@YA_NAAU__acrt_stdio_stream_mode@@@Z 1000e3d8 f i libucrt:openfile.obj
 0001:0000d3f3       ?__acrt_stdio_parse_mode_T@@YA_NAAU__acrt_stdio_stream_mode@@@Z 1000e3f3 f i libucrt:openfile.obj
 0001:0000d412       ?__acrt_stdio_parse_mode_b@@YA_NAAU__acrt_stdio_stream_mode@@@Z 1000e412 f i libucrt:openfile.obj
 0001:0000d432       ?__acrt_stdio_parse_mode_c@@YA_NAAU__acrt_stdio_stream_mode@@AA_N@Z 1000e432 f i libucrt:openfile.obj
 0001:0000d454       ?__acrt_stdio_parse_mode_n@@YA_NAAU__acrt_stdio_stream_mode@@AA_N@Z 1000e454 f i libucrt:openfile.obj
 0001:0000d476       ?__acrt_stdio_parse_mode_plus@@YA_NAAU__acrt_stdio_stream_mode@@AA_N@Z 1000e476 f i libucrt:openfile.obj
 0001:0000d4ab       ?__acrt_stdio_parse_mode_t@@YA_NAAU__acrt_stdio_stream_mode@@@Z 1000e4ab f i libucrt:openfile.obj
 0001:0000d4cb       __openfile                 1000e4cb f   libucrt:openfile.obj
 0001:0000d657       ___acrt_stdio_refill_and_read_narrow_nolock 1000e657 f   libucrt:_filbuf.obj
 0001:0000d662       __isdigit_l                1000e662 f i libucrt:_ctype.obj
 0001:0000d69a       _isdigit                   1000e69a f i libucrt:_ctype.obj
 0001:0000d82e       __tolower_l                1000e82e f   libucrt:tolower_toupper.obj
 0001:0000d848       _tolower                   1000e848 f   libucrt:tolower_toupper.obj
 0001:0000d878       ??$make_c_string_character_source@DPAPAD@__crt_strtox@@YA?AV?$c_string_character_source@D@0@QBDQAPAD@Z 1000e878 f i libucrt:strtox.obj
 0001:0000d893       _strtol                    1000e893 f   libucrt:strtox.obj
 0001:0000d8bf       __mbtowc_l                 1000e8bf f   libucrt:mbtowc.obj
 0001:0000d9b9       _mbtowc                    1000e9b9 f   libucrt:mbtowc.obj
 0001:0000d9d3       __wctomb_s_l               1000e9d3 f   libucrt:wctomb.obj
 0001:0000daf4       _wctomb_s                  1000eaf4 f   libucrt:wctomb.obj
 0001:0000db11       _strnlen                   1000eb11 f   libucrt:strnlen.obj
 0001:0000dc38       _wcsnlen                   1000ec38 f   libucrt:strnlen.obj
 0001:0000ddef       ??$?RV<lambda_3518db117f0e7cdb002338c5d3c47b6c>@@AAV<lambda_b2ea41f6bbb362cd97d94c6828d90b61>@@V<lambda_abdedf541bb04549bc734292b4a045d4>@@@?$__crt_seh_guarded_call@X@@QAEX$$QAV<lambda_3518db117f0e7cdb002338c5d3c47b6c>@@AAV<lambda_b2ea41f6bbb362cd97d94c6828d90b61>@@$$QAV<lambda_abdedf541bb04549bc734292b4a045d4>@@@Z 1000edef f i libucrt:per_thread_data.obj
 0001:0000de3f       ??$?RV<lambda_51b6e8b1eb166f2a3faf91f424b38130>@@AAV<lambda_6250bd4b2a391816dd638c3bf72b0bcb>@@V<lambda_0b5a4a3e68152e1d9b943535f5f47bed>@@@?$__crt_seh_guarded_call@X@@QAEX$$QAV<lambda_51b6e8b1eb166f2a3faf91f424b38130>@@AAV<lambda_6250bd4b2a391816dd638c3bf72b0bcb>@@$$QAV<lambda_0b5a4a3e68152e1d9b943535f5f47bed>@@@Z 1000ee3f f i libucrt:per_thread_data.obj
 0001:0000dea0       ??$?RV<lambda_5b71d36f03204c0beab531769a5b5694>@@AAV<lambda_be2b3da3f62db62e9dad5dc70221a656>@@V<lambda_8f9ce462984622f9bf76b59e2aaaf805>@@@?$__crt_seh_guarded_call@X@@QAEX$$QAV<lambda_5b71d36f03204c0beab531769a5b5694>@@AAV<lambda_be2b3da3f62db62e9dad5dc70221a656>@@$$QAV<lambda_8f9ce462984622f9bf76b59e2aaaf805>@@@Z 1000eea0 f i libucrt:per_thread_data.obj
 0001:0000deeb       ??$?RV<lambda_9df27f884b057bc3edfc946cb5b7cf47>@@AAV<lambda_e69574bed617af4e071282c136b37893>@@V<lambda_cc0d902bcbbeb830f749456577db4721>@@@?$__crt_seh_guarded_call@X@@QAEX$$QAV<lambda_9df27f884b057bc3edfc946cb5b7cf47>@@AAV<lambda_e69574bed617af4e071282c136b37893>@@$$QAV<lambda_cc0d902bcbbeb830f749456577db4721>@@@Z 1000eeeb f i libucrt:per_thread_data.obj
 0001:0000df33       ??$__acrt_lock_and_call@V<lambda_6250bd4b2a391816dd638c3bf72b0bcb>@@@@YAXW4__acrt_lock_id@@$$QAV<lambda_6250bd4b2a391816dd638c3bf72b0bcb>@@@Z 1000ef33 f i libucrt:per_thread_data.obj
 0001:0000df5b       ??$__acrt_lock_and_call@V<lambda_b2ea41f6bbb362cd97d94c6828d90b61>@@@@YAXW4__acrt_lock_id@@$$QAV<lambda_b2ea41f6bbb362cd97d94c6828d90b61>@@@Z 1000ef5b f i libucrt:per_thread_data.obj
 0001:0000df83       ??$__acrt_lock_and_call@V<lambda_be2b3da3f62db62e9dad5dc70221a656>@@@@YAXW4__acrt_lock_id@@$$QAV<lambda_be2b3da3f62db62e9dad5dc70221a656>@@@Z 1000ef83 f i libucrt:per_thread_data.obj
 0001:0000dfab       ??$__acrt_lock_and_call@V<lambda_e69574bed617af4e071282c136b37893>@@@@YAXW4__acrt_lock_id@@$$QAV<lambda_e69574bed617af4e071282c136b37893>@@@Z 1000efab f i libucrt:per_thread_data.obj
 0001:0000e163       ___acrt_freeptd            1000f163 f   libucrt:per_thread_data.obj
 0001:0000e18f       ___acrt_getptd             1000f18f f   libucrt:per_thread_data.obj
 0001:0000e213       ___acrt_getptd_noexit      1000f213 f   libucrt:per_thread_data.obj
 0001:0000e298       ___acrt_initialize_ptd     1000f298 f   libucrt:per_thread_data.obj
 0001:0000e2c4       ___acrt_uninitialize_ptd   1000f2c4 f   libucrt:per_thread_data.obj
 0001:0000e2de       ___acrt_update_locale_info 1000f2de f   libucrt:locale_update.obj
 0001:0000e30b       ___acrt_update_multibyte_info 1000f30b f   libucrt:locale_update.obj
 0001:0000e338       ?__acrt_fp_classify@@YA?AW4__acrt_fp_class@@ABN@Z 1000f338 f i libucrt:cvt.obj
 0001:0000e3a4       ?__acrt_fp_is_negative@@YA_NABN@Z 1000f3a4 f i libucrt:cvt.obj
 0001:0000ec03       ___acrt_fp_format          1000fc03 f   libucrt:cvt.obj
 0001:0000ed4d       __get_printf_count_output  1000fd4d f   libucrt:printf_count_output.obj
 0001:0000ed62       ___acrt_stdio_begin_temporary_buffering_nolock 1000fd62 f   libucrt:_sftbuf.obj
 0001:0000ee17       ___acrt_stdio_end_temporary_buffering_nolock 1000fe17 f   libucrt:_sftbuf.obj
 0001:0000ee50       ___acrt_set_locale_changed 1000fe50 f   libucrt:wsetlocale.obj
 0001:0000ee5b       ___acrt_uninitialize_locale 1000fe5b f   libucrt:wsetlocale.obj
 0001:0000eead       ??$?RV<lambda_a048d3beccc847880fc8490e18b82769>@@AAV<lambda_ec61778202f4f5fc7e7711acc23c3bca>@@V<lambda_f7496a158712204296dd6628a163878e>@@@?$__crt_seh_guarded_call@P6AXH@Z@@QAEP6AXH@Z$$QAV<lambda_a048d3beccc847880fc8490e18b82769>@@AAV<lambda_ec61778202f4f5fc7e7711acc23c3bca>@@$$QAV<lambda_f7496a158712204296dd6628a163878e>@@@Z 1000fead f i libucrt:signal.obj
 0001:0000ef07       ??$__acrt_lock_and_call@V<lambda_ec61778202f4f5fc7e7711acc23c3bca>@@@@YAP6AXH@ZW4__acrt_lock_id@@$$QAV<lambda_ec61778202f4f5fc7e7711acc23c3bca>@@@Z 1000ff07 f i libucrt:signal.obj
 0001:0000ef99       ___acrt_get_sigabrt_handler 1000ff99 f   libucrt:signal.obj
 0001:0000efb0       ___acrt_initialize_signal_handlers 1000ffb0 f   libucrt:signal.obj
 0001:0000efeb       ___fpecode                 1000ffeb f   libucrt:signal.obj
 0001:0000eff4       _raise                     1000fff4 f   libucrt:signal.obj
 0001:0000f313       ___acrt_AreFileApisANSI@0  10010313 f   libucrt:winapi_thunks.obj
 0001:0000f361       ___acrt_FlsAlloc@4         10010361 f   libucrt:winapi_thunks.obj
 0001:0000f3b7       ___acrt_FlsFree@4          100103b7 f   libucrt:winapi_thunks.obj
 0001:0000f40d       ___acrt_FlsGetValue@4      1001040d f   libucrt:winapi_thunks.obj
 0001:0000f463       ___acrt_FlsSetValue@8      10010463 f   libucrt:winapi_thunks.obj
 0001:0000f4bc       ___acrt_InitializeCriticalSectionEx@12 100104bc f   libucrt:winapi_thunks.obj
 0001:0000f51e       ___acrt_LCMapStringEx@36   1001051e f   libucrt:winapi_thunks.obj
 0001:0000f5a6       ___acrt_LocaleNameToLCID@8 100105a6 f   libucrt:winapi_thunks.obj
 0001:0000f602       ___acrt_initialize_winapi_thunks 10010602 f   libucrt:winapi_thunks.obj
 0001:0000f628       ___acrt_is_packaged_app    10010628 f   libucrt:winapi_thunks.obj
 0001:0000f6af       ___acrt_uninitialize_winapi_thunks 100106af f   libucrt:winapi_thunks.obj
 0001:0000f6e5       __fcloseall                100106e5 f   libucrt:closeall.obj
 0001:0000f962       ___acrt_stdio_flush_and_write_narrow_nolock 10010962 f   libucrt:_flsbuf.obj
 0001:0000f96d       __query_new_mode           1001096d f   libucrt:new_mode.obj
 0001:0000f973       ___acrt_initialize_heap    10010973 f   libucrt:heap_handle.obj
 0001:0000f984       ___acrt_uninitialize_heap  10010984 f   libucrt:heap_handle.obj
 0001:0000fd50       ??1?$argument_list@D@?A0xb0e4b824@@QAE@XZ 10010d50 f i libucrt:argv_wildcards.obj
 0001:0000fd75       ?append@?$argument_list@D@?A0xb0e4b824@@QAEHQAD@Z 10010d75 f i libucrt:argv_wildcards.obj
 0001:0000fdaa       ?expand_if_necessary@?$argument_list@D@?A0xb0e4b824@@AAEHXZ 10010daa f i libucrt:argv_wildcards.obj
 0001:0000fe31       ___acrt_expand_narrow_argv_wildcards 10010e31 f   libucrt:argv_wildcards.obj
 0001:0000fe3c       ??$?RV<lambda_978dc153c237d78434369da87b74ff60>@@AAV<lambda_ad1ced32f4ac17aa236e5ef05d6b3b7c>@@V<lambda_4a8533e2866a575feecb8298ce776b0d>@@@?$__crt_seh_guarded_call@X@@QAEX$$QAV<lambda_978dc153c237d78434369da87b74ff60>@@AAV<lambda_ad1ced32f4ac17aa236e5ef05d6b3b7c>@@$$QAV<lambda_4a8533e2866a575feecb8298ce776b0d>@@@Z 10010e3c f i libucrt:mbctype.obj
 0001:0000fe7f       ??$__acrt_lock_and_call@V<lambda_ad1ced32f4ac17aa236e5ef05d6b3b7c>@@@@YAXW4__acrt_lock_id@@$$QAV<lambda_ad1ced32f4ac17aa236e5ef05d6b3b7c>@@@Z 10010e7f f i libucrt:mbctype.obj
 0001:00010319       ___acrt_initialize_multibyte 10011319 f   libucrt:mbctype.obj
 0001:00010337       ___acrt_update_thread_multibyte_data 10011337 f   libucrt:mbctype.obj
 0001:000103d9       __setmbcp_nolock           100113d9 f   libucrt:mbctype.obj
 0001:000106a4       __ismbblead                100116a4 f   libucrt:ismbbyte.obj
 0001:000106bc       ___acrt_initialize_command_line 100116bc f   libucrt:argv_data.obj
 0001:0001070c       ___dcrt_get_narrow_environment_from_os 1001170c f   libucrt:get_environment_from_os.obj
 0001:0001078f       __recalloc                 1001178f f   libucrt:recalloc.obj
 0001:0001079a       __recalloc_base            1001179a f   libucrt:recalloc.obj
 0001:00010807       ___acrt_execute_initializers 10011807 f   libucrt:shared_initialization.obj
 0001:0001088a       ___acrt_execute_uninitializers 1001188a f   libucrt:shared_initialization.obj
 0001:000108d7       ___acrt_has_user_matherr   100118d7 f   libucrt:matherr.obj
 0001:000108f0       ___acrt_initialize_user_matherr 100118f0 f   libucrt:matherr.obj
 0001:00010904       ___acrt_invoke_user_matherr 10011904 f   libucrt:matherr.obj
 0001:0001094d       ??$?RV<lambda_61cee617f5178ae960314fd4d05640a0>@@AAV<lambda_6978c1fb23f02e42e1d9e99668cc68aa>@@V<lambda_9cd88cf8ad10232537feb2133f08c833>@@@?$__crt_seh_guarded_call@H@@QAEH$$QAV<lambda_61cee617f5178ae960314fd4d05640a0>@@AAV<lambda_6978c1fb23f02e42e1d9e99668cc68aa>@@$$QAV<lambda_9cd88cf8ad10232537feb2133f08c833>@@@Z 1001194d f i libucrt:commit.obj
 0001:000109e5       ??$__acrt_lowio_lock_fh_and_call@V<lambda_6978c1fb23f02e42e1d9e99668cc68aa>@@@@YAHH$$QAV<lambda_6978c1fb23f02e42e1d9e99668cc68aa>@@@Z 100119e5 f i libucrt:commit.obj
 0001:00010a0d       __commit                   10011a0d f   libucrt:commit.obj
 0001:0001100c       __write                    1001200c f   libucrt:write.obj
 0001:000110f7       __write_nolock             100120f7 f   libucrt:write.obj
 0001:00011303       ___acrt_initialize_sse2    10012303 f   libucrt:mathfcns.obj
 0001:00011320       __CIexp_pentium4           10012320 f   libucrt:exp_pentium4.obj
 0001:00011338       __exp_pentium4             10012338     libucrt:exp_pentium4.obj
 0001:000115f1       __fFEXP                    100125f1     libucrt:87tran.obj
 0001:00011648       __rtinfpopse               10012648     libucrt:87tran.obj
 0001:0001164a       __rtinfnpopse              1001264a     libucrt:87tran.obj
 0001:0001165a       __fFLN                     1001265a     libucrt:87tran.obj
 0001:0001170f       __rtinfpop                 1001270f     libucrt:87tran.obj
 0001:00011711       __rtinfnpop                10012711     libucrt:87tran.obj
 0001:0001172e       __ffexpm1                  1001272e     libucrt:87tran.obj
 0001:000117e0       __cintrindisp2             100127e0 f   libucrt:87cdisp.obj
 0001:00011824       __cintrindisp1             10012824 f   libucrt:87cdisp.obj
 0001:00011867       __ctrandisp2               10012867 f   libucrt:87cdisp.obj
 0001:000119f6       __ctrandisp1               100129f6 f   libucrt:87cdisp.obj
 0001:00011a29       __fload                    10012a29 f   libucrt:87cdisp.obj
 0001:00011a65       ___pctype_func             10012a65 f   libucrt:ctype.obj
 0001:00011a8b       __isctype_l                10012a8b f   libucrt:isctype.obj
 0001:00011b5d       ___acrt_lowio_create_handle_array 10012b5d f   libucrt:osfinfo.obj
 0001:00011bd7       ___acrt_lowio_destroy_handle_array 10012bd7 f   libucrt:osfinfo.obj
 0001:00011c0c       ___acrt_lowio_ensure_fh_exists 10012c0c f   libucrt:osfinfo.obj
 0001:00011ca4       ___acrt_lowio_lock_fh      10012ca4 f   libucrt:osfinfo.obj
 0001:00011cc7       ___acrt_lowio_set_os_handle 10012cc7 f   libucrt:osfinfo.obj
 0001:00011d5b       ___acrt_lowio_unlock_fh    10012d5b f   libucrt:osfinfo.obj
 0001:00011d7e       __alloc_osfhnd             10012d7e f   libucrt:osfinfo.obj
 0001:00011e90       __free_osfhnd              10012e90 f   libucrt:osfinfo.obj
 0001:00011f21       __get_osfhandle            10012f21 f   libucrt:osfinfo.obj
 0001:00011f8b       __isatty                   10012f8b f   libucrt:isatty.obj
 0001:00011ff0       _strncmp                   10012ff0 f   libucrt:strncmp.obj
 0001:00012068       __strnicmp                 10013068 f   libucrt:strnicmp.obj
 0001:000120d4       __strnicmp_l               100130d4 f   libucrt:strnicmp.obj
 0001:00012765       __sopen_nolock             10013765 f   libucrt:open.obj
 0001:000127b6       __sopen_s                  100137b6 f   libucrt:open.obj
 0001:000127d6       __wsopen_nolock            100137d6 f   libucrt:open.obj
 0001:00012aff       ___acrt_stdio_allocate_buffer_nolock 10013aff f   libucrt:_getbuf.obj
 0001:00012b5c       __isleadbyte_l             10013b5c f i libucrt:_wctype.obj
 0001:00012db2       ___acrt_LCMapStringA       10013db2 f   libucrt:lcmapstringa.obj
 0001:00012dfd       __freea_crt                10013dfd f i libucrt:lcmapstringa.obj
[...]
 0002:00007588       __ehfuncinfo$?clear@?$vector@PAUFuncHeader@@V?$allocator@PAUFuncHeader@@@std@@@std@@QAEXXZ 10021588     Source.obj
 0002:00007588       __ehfuncinfo$?now@system_clock@chrono@std@@SA?AV?$time_point@Usystem_clock@chrono@std@@V?$duration@_JU?$ratio@$00$0JIJGIA@@std@@@23@@23@XZ 10021588     Source.obj
 0002:00007588       __ehfuncinfo$??0?$vector@EV?$allocator@E@std@@@std@@QAE@XZ 10021588     Source.obj
 0002:00007588       __ehfuncinfo$??0?$vector@PAUFuncHeader@@V?$allocator@PAUFuncHeader@@@std@@@std@@QAE@XZ 10021588     Source.obj
 0002:000075ac       __ehfuncinfo$?CreateNewFunc@@YAXH@Z 100215ac     Source.obj
 0002:000075d0       __unwindtable$?CreateNewFunc@@YAXH@Z 100215d0     Source.obj
 0002:000075d8       __ehfuncinfo$??$emplace_back@ABE@?$vector@EV?$allocator@E@std@@@std@@QAEXABE@Z 100215d8     Source.obj
 0002:000075d8       __ehfuncinfo$??$emplace_back@E@?$vector@EV?$allocator@E@std@@@std@@QAEX$$QAE@Z 100215d8     Source.obj
 0002:000075fc       __unwindtable$??$emplace_back@ABE@?$vector@EV?$allocator@E@std@@@std@@QAEXABE@Z 100215fc     Source.obj
 0002:000075fc       __unwindtable$??$emplace_back@E@?$vector@EV?$allocator@E@std@@@std@@QAEX$$QAE@Z 100215fc     Source.obj
 0002:0000760c       __tryblocktable$??$emplace_back@ABE@?$vector@EV?$allocator@E@std@@@std@@QAEXABE@Z 1002160c     Source.obj
 0002:0000760c       __tryblocktable$??$emplace_back@E@?$vector@EV?$allocator@E@std@@@std@@QAEX$$QAE@Z 1002160c     Source.obj
 0002:00007620       __catchsym$??$emplace_back@ABE@?$vector@EV?$allocator@E@std@@@std@@QAEXABE@Z$2 10021620     Source.obj
 0002:00007620       __catchsym$??$emplace_back@E@?$vector@EV?$allocator@E@std@@@std@@QAEX$$QAE@Z$2 10021620     Source.obj
 0002:00007630       __ehfuncinfo$??$emplace_back@ABQAUFuncHeader@@@?$vector@PAUFuncHeader@@V?$allocator@PAUFuncHeader@@@std@@@std@@QAEXABQAUFuncHeader@@@Z 10021630     Source.obj
 0002:00007654       __unwindtable$??$emplace_back@ABQAUFuncHeader@@@?$vector@PAUFuncHeader@@V?$allocator@PAUFuncHeader@@@std@@@std@@QAEXABQAUFuncHeader@@@Z 10021654     Source.obj
 0002:00007664       __tryblocktable$??$emplace_back@ABQAUFuncHeader@@@?$vector@PAUFuncHeader@@V?$allocator@PAUFuncHeader@@@std@@@std@@QAEXABQAUFuncHeader@@@Z 10021664     Source.obj
 0002:00007678       __catchsym$??$emplace_back@ABQAUFuncHeader@@@?$vector@PAUFuncHeader@@V?$allocator@PAUFuncHeader@@@std@@@std@@QAEXABQAUFuncHeader@@@Z$2 10021678     Source.obj
 0002:00007738       __sehtable$___scrt_is_nonwritable_in_current_image 10021738     LIBCMT:utility.obj
 0002:00007758       __sehtable$?dllmain_crt_process_attach@@YAHQAUHINSTANCE__@@QAX@Z 10021758     LIBCMT:dll_dllmain.obj
 0002:00007778       __sehtable$?dllmain_crt_process_detach@@YAH_N@Z 10021778     LIBCMT:dll_dllmain.obj
 0002:00007798       __sehtable$?dllmain_dispatch@@YAHQAUHINSTANCE__@@KQAX@Z 10021798     LIBCMT:dll_dllmain.obj
 0002:000077f0       __sehtable$___DestructExceptionObject 100217f0     libvcruntime:ehhelpers.obj
 0002:00007810       __sehtable$___BuildCatchObject 10021810     libvcruntime:frame.obj
 0002:00007830       __sehtable$___FrameUnwindToState 10021830     libvcruntime:frame.obj
 0002:00007858       __sehtable$?CallCatchBlock@@YAPAXPAUEHExceptionRecord@@PAUEHRegistrationNode@@PAU_CONTEXT@@PBU_s_FuncInfo@@PAXHK@Z 10021858     libvcruntime:frame.obj
 0002:00007880       __catchsym$?CallUnexpected@@YAXPBU_s_ESTypeList@@@Z$2 10021880     libvcruntime:frame.obj
 0002:00007890       __unwindtable$?CallUnexpected@@YAXPBU_s_ESTypeList@@@Z 10021890     libvcruntime:frame.obj
 0002:000078a0       __tryblocktable$?CallUnexpected@@YAXPBU_s_ESTypeList@@@Z 100218a0     libvcruntime:frame.obj
 0002:000078b4       __ehfuncinfo$?CallUnexpected@@YAXPBU_s_ESTypeList@@@Z 100218b4     libvcruntime:frame.obj
 0002:000078d8       __sehtable$___BuildCatchObjectHelper 100218d8     libvcruntime:frame.obj
 0002:00007930       __sehtable$??$common_ftell@J@@YAJV__crt_stdio_stream@@@Z 10021930     libucrt:ftell.obj
 0002:00007950       __sehtable$_fclose         10021950     libucrt:fclose.obj
 0002:00007970       __sehtable$?common_fseek@@YAHV__crt_stdio_stream@@_JH@Z 10021970     libucrt:fseek.obj
 0002:00007990       __sehtable$??$common_fsopen@D@@YAPAU_iobuf@@QBD0H@Z 10021990     libucrt:fopen.obj
 0002:000079b0       __sehtable$_fread_s        100219b0     libucrt:fread.obj
 0002:000079d0       __sehtable$??$?RV<lambda_5be909dfbae0a631386585770cd7b676>@@AAV<lambda_e516058a9c289d98c8ca9fea99247804>@@V<lambda_afe2e0cdc5e0ecf6f0d6f5e2f8985e38>@@@?$__crt_seh_guarded_call@H@@QAEH$$QAV<lambda_5be909dfbae0a631386585770cd7b676>@@AAV<lambda_e516058a9c289d98c8ca9fea99247804>@@$$QAV<lambda_afe2e0cdc5e0ecf6f0d6f5e2f8985e38>@@@Z 100219d0     libucrt:output.obj
 0002:000079f0       __sehtable$_terminate      100219f0     libucrt:terminate.obj
 0002:00007a10       __sehtable$__query_new_handler 10021a10     libucrt:new_handler.obj
 0002:00007a30       __sehtable$?common_exit@@YAXHW4_crt_exit_cleanup_mode@@W4_crt_exit_return_mode@@@Z 10021a30     libucrt:exit.obj
 0002:00007a58       __sehtable$??$?RV<lambda_800076c951b434888f4765a74a194fcc>@@AAV<lambda_4e60a939b0d047cfe11ddc22648dfba9>@@V<lambda_6dbb1268764f43b569ce7b67e331d33a>@@@?$__crt_seh_guarded_call@H@@QAEH$$QAV<lambda_800076c951b434888f4765a74a194fcc>@@AAV<lambda_4e60a939b0d047cfe11ddc22648dfba9>@@$$QAV<lambda_6dbb1268764f43b569ce7b67e331d33a>@@@Z 10021a58     libucrt:onexit.obj
 0002:00007a78       __sehtable$??$?RV<lambda_995298e7d72eb4c2aab26c0585b3abe5>@@AAV<lambda_275893d493268fdec8709772e3fcec0e>@@V<lambda_293819299cbf9a7022e18b56a874bb5c>@@@?$__crt_seh_guarded_call@H@@QAEH$$QAV<lambda_995298e7d72eb4c2aab26c0585b3abe5>@@AAV<lambda_275893d493268fdec8709772e3fcec0e>@@$$QAV<lambda_293819299cbf9a7022e18b56a874bb5c>@@@Z 10021a78     libucrt:onexit.obj
 0002:00007a98       __sehtable$_common_flush_all 10021a98     libucrt:fflush.obj
 0002:00007ac0       __sehtable$??$common_lseek@_J@@YA_JH_JH@Z 10021ac0     libucrt:lseek.obj
 0002:00007ae0       __sehtable$__read          10021ae0     libucrt:read.obj
 0002:00007b00       __sehtable$___acrt_initialize_lowio 10021b00     libucrt:ioinit.obj
 0002:00007b20       __sehtable$??$?RV<lambda_123407a5e2ac06da108355a851863b7a>@@AAV<lambda_2fe9b910cf3cbf4a0ab98a02ba45b3ec>@@V<lambda_ae55bdf541ad94d75914d381c370e64d>@@@?$__crt_seh_guarded_call@H@@QAEH$$QAV<lambda_123407a5e2ac06da108355a851863b7a>@@AAV<lambda_2fe9b910cf3cbf4a0ab98a02ba45b3ec>@@$$QAV<lambda_ae55bdf541ad94d75914d381c370e64d>@@@Z 10021b20     libucrt:close.obj
 0002:00007b40       __sehtable$?__acrt_stdio_allocate_stream@@YA?AV__crt_stdio_stream@@XZ 10021b40     libucrt:stream.obj
 0002:00007b60       __sehtable$??$?RV<lambda_9df27f884b057bc3edfc946cb5b7cf47>@@AAV<lambda_e69574bed617af4e071282c136b37893>@@V<lambda_cc0d902bcbbeb830f749456577db4721>@@@?$__crt_seh_guarded_call@X@@QAEX$$QAV<lambda_9df27f884b057bc3edfc946cb5b7cf47>@@AAV<lambda_e69574bed617af4e071282c136b37893>@@$$QAV<lambda_cc0d902bcbbeb830f749456577db4721>@@@Z 10021b60     libucrt:per_thread_data.obj
 0002:00007b80       __sehtable$??$?RV<lambda_3518db117f0e7cdb002338c5d3c47b6c>@@AAV<lambda_b2ea41f6bbb362cd97d94c6828d90b61>@@V<lambda_abdedf541bb04549bc734292b4a045d4>@@@?$__crt_seh_guarded_call@X@@QAEX$$QAV<lambda_3518db117f0e7cdb002338c5d3c47b6c>@@AAV<lambda_b2ea41f6bbb362cd97d94c6828d90b61>@@$$QAV<lambda_abdedf541bb04549bc734292b4a045d4>@@@Z 10021b80     libucrt:per_thread_data.obj
 0002:00007ba0       __sehtable$??$?RV<lambda_51b6e8b1eb166f2a3faf91f424b38130>@@AAV<lambda_6250bd4b2a391816dd638c3bf72b0bcb>@@V<lambda_0b5a4a3e68152e1d9b943535f5f47bed>@@@?$__crt_seh_guarded_call@X@@QAEX$$QAV<lambda_51b6e8b1eb166f2a3faf91f424b38130>@@AAV<lambda_6250bd4b2a391816dd638c3bf72b0bcb>@@$$QAV<lambda_0b5a4a3e68152e1d9b943535f5f47bed>@@@Z 10021ba0     libucrt:per_thread_data.obj
 0002:00007bc0       __sehtable$??$?RV<lambda_5b71d36f03204c0beab531769a5b5694>@@AAV<lambda_be2b3da3f62db62e9dad5dc70221a656>@@V<lambda_8f9ce462984622f9bf76b59e2aaaf805>@@@?$__crt_seh_guarded_call@X@@QAEX$$QAV<lambda_5b71d36f03204c0beab531769a5b5694>@@AAV<lambda_be2b3da3f62db62e9dad5dc70221a656>@@$$QAV<lambda_8f9ce462984622f9bf76b59e2aaaf805>@@@Z 10021bc0     libucrt:per_thread_data.obj
 0002:00007be0       __sehtable$___acrt_uninitialize_locale 10021be0     libucrt:wsetlocale.obj
 0002:00007c00       __sehtable$_raise          10021c00     libucrt:signal.obj
 0002:00007c20       __sehtable$??$?RV<lambda_a048d3beccc847880fc8490e18b82769>@@AAV<lambda_ec61778202f4f5fc7e7711acc23c3bca>@@V<lambda_f7496a158712204296dd6628a163878e>@@@?$__crt_seh_guarded_call@P6AXH@Z@@QAEP6AXH@Z$$QAV<lambda_a048d3beccc847880fc8490e18b82769>@@AAV<lambda_ec61778202f4f5fc7e7711acc23c3bca>@@$$QAV<lambda_f7496a158712204296dd6628a163878e>@@@Z 10021c20     libucrt:signal.obj
 0002:00007c40       __sehtable$__fcloseall     10021c40     libucrt:closeall.obj
 0002:00007c60       __sehtable$___acrt_update_thread_multibyte_data 10021c60     libucrt:mbctype.obj
 0002:00007c80       __sehtable$??$?RV<lambda_978dc153c237d78434369da87b74ff60>@@AAV<lambda_ad1ced32f4ac17aa236e5ef05d6b3b7c>@@V<lambda_4a8533e2866a575feecb8298ce776b0d>@@@?$__crt_seh_guarded_call@X@@QAEX$$QAV<lambda_978dc153c237d78434369da87b74ff60>@@AAV<lambda_ad1ced32f4ac17aa236e5ef05d6b3b7c>@@$$QAV<lambda_4a8533e2866a575feecb8298ce776b0d>@@@Z 10021c80     libucrt:mbctype.obj
 0002:00007ca0       __sehtable$??$?RV<lambda_61cee617f5178ae960314fd4d05640a0>@@AAV<lambda_6978c1fb23f02e42e1d9e99668cc68aa>@@V<lambda_9cd88cf8ad10232537feb2133f08c833>@@@?$__crt_seh_guarded_call@H@@QAEH$$QAV<lambda_61cee617f5178ae960314fd4d05640a0>@@AAV<lambda_6978c1fb23f02e42e1d9e99668cc68aa>@@$$QAV<lambda_9cd88cf8ad10232537feb2133f08c833>@@@Z 10021ca0     libucrt:commit.obj
 0002:00007cc0       __sehtable$__write         10021cc0     libucrt:write.obj
 0002:00007ce0       __sehtable$__alloc_osfhnd  10021ce0     libucrt:osfinfo.obj
 0002:00007d00       __sehtable$___acrt_lowio_ensure_fh_exists 10021d00     libucrt:osfinfo.obj
 0002:00007d20       __sehtable$??$common_sopen_dispatch@D@@YAHQBDHHHQAHH@Z 10021d20     libucrt:open.obj
 0002:00007d40       __sehtable$___acrt_update_thread_locale_data 10021d40     libucrt:locale_refcounting.obj
 0002:00007d5c       __unwindtable$?_CopyException@__ExceptionPtr@@SA?AV?$shared_ptr@V__ExceptionPtr@@@std@@PBXPBU_s_ThrowInfo@@_N@Z 10021d5c     libcpmt:excptptr.obj
 0002:00007d6c       __tryblocktable$?_CopyException@__ExceptionPtr@@SA?AV?$shared_ptr@V__ExceptionPtr@@@std@@PBXPBU_s_ThrowInfo@@_N@Z 10021d6c     libcpmt:excptptr.obj
 0002:00007d80       __catchsym$?_CopyException@__ExceptionPtr@@SA?AV?$shared_ptr@V__ExceptionPtr@@@std@@PBXPBU_s_ThrowInfo@@_N@Z$6 10021d80     libcpmt:excptptr.obj
 0002:00007da0       __ehfuncinfo$?_CopyException@__ExceptionPtr@@SA?AV?$shared_ptr@V__ExceptionPtr@@@std@@PBXPBU_s_ThrowInfo@@_N@Z 10021da0     libcpmt:excptptr.obj
 0002:00007dc4       __unwindtable$?_InitBadAllocException@__ExceptionPtr@@CA?AV?$shared_ptr@V__ExceptionPtr@@@std@@XZ 10021dc4     libcpmt:excptptr.obj
 0002:00007dcc       __ehfuncinfo$?_InitBadAllocException@__ExceptionPtr@@CA?AV?$shared_ptr@V__ExceptionPtr@@@std@@XZ 10021dcc     libcpmt:excptptr.obj
 0002:00007df0       __catchsym$?_CallCopyCtor@__ExceptionPtr@@ABEXPAX0IQBU_s_CatchableType@@@Z$2 10021df0     libcpmt:excptptr.obj
 0002:00007e00       __unwindtable$?_CallCopyCtor@__ExceptionPtr@@ABEXPAX0IQBU_s_CatchableType@@@Z 10021e00     libcpmt:excptptr.obj
 0002:00007e10       __tryblocktable$?_CallCopyCtor@__ExceptionPtr@@ABEXPAX0IQBU_s_CatchableType@@@Z 10021e10     libcpmt:excptptr.obj
 0002:00007e24       __ehfuncinfo$?_CallCopyCtor@__ExceptionPtr@@ABEXPAX0IQBU_s_CatchableType@@@Z 10021e24     libcpmt:excptptr.obj
 0002:00007e48       __unwindtable$??$make_shared@V__ExceptionPtr@@AAPAUEHExceptionRecord@@_N@std@@YA?AV?$shared_ptr@V__ExceptionPtr@@@0@AAPAUEHExceptionRecord@@$$QA_N@Z 10021e48     libcpmt:excptptr.obj
 0002:00007e50       __ehfuncinfo$??$make_shared@V__ExceptionPtr@@AAPAUEHExceptionRecord@@_N@std@@YA?AV?$shared_ptr@V__ExceptionPtr@@@0@AAPAUEHExceptionRecord@@$$QA_N@Z 10021e50     libcpmt:excptptr.obj
 0002:00007e74       __catchsym$??$allocate_shared@V__ExceptionPtr@@U?$_StaticAllocator@H@@AAPAUEHExceptionRecord@@_N@std@@YA?AV?$shared_ptr@V__ExceptionPtr@@@0@ABU?$_StaticAllocator@H@@AAPAUEHExceptionRecord@@$$QA_N@Z$15 10021e74     libcpmt:excptptr.obj
 0002:00007e84       __tryblocktable$??$allocate_shared@V__ExceptionPtr@@U?$_StaticAllocator@H@@AAPAUEHExceptionRecord@@_N@std@@YA?AV?$shared_ptr@V__ExceptionPtr@@@0@ABU?$_StaticAllocator@H@@AAPAUEHExceptionRecord@@$$QA_N@Z 10021e84     libcpmt:excptptr.obj
 0002:00007e98       __unwindtable$??$allocate_shared@V__ExceptionPtr@@U?$_StaticAllocator@H@@AAPAUEHExceptionRecord@@_N@std@@YA?AV?$shared_ptr@V__ExceptionPtr@@@0@ABU?$_StaticAllocator@H@@AAPAUEHExceptionRecord@@$$QA_N@Z 10021e98     libcpmt:excptptr.obj
 0002:00007eb0       __ehfuncinfo$??$allocate_shared@V__ExceptionPtr@@U?$_StaticAllocator@H@@AAPAUEHExceptionRecord@@_N@std@@YA?AV?$shared_ptr@V__ExceptionPtr@@@0@ABU?$_StaticAllocator@H@@AAPAUEHExceptionRecord@@$$QA_N@Z 10021eb0     libcpmt:excptptr.obj
 0002:00007ed4       __unwindtable$??$?0AAPAUEHExceptionRecord@@_N@?$_Ref_count_obj@V__ExceptionPtr@@@std@@QAE@AAPAUEHExceptionRecord@@$$QA_N@Z 10021ed4     libcpmt:excptptr.obj
 0002:00007ee4       __ehfuncinfo$??$?0AAPAUEHExceptionRecord@@_N@?$_Ref_count_obj@V__ExceptionPtr@@@std@@QAE@AAPAUEHExceptionRecord@@$$QA_N@Z 10021ee4     libcpmt:excptptr.obj
 0002:00007f08       __unwindtable$??$?0AAPAUEHExceptionRecord@@_N@?$_Ref_count_obj_alloc@V__ExceptionPtr@@U?$_StaticAllocator@H@@@std@@QAE@ABU?$_StaticAllocator@H@@AAPAUEHExceptionRecord@@$$QA_N@Z 10021f08     libcpmt:excptptr.obj
 0002:00007f18       __ehfuncinfo$??$?0AAPAUEHExceptionRecord@@_N@?$_Ref_count_obj_alloc@V__ExceptionPtr@@U?$_StaticAllocator@H@@@std@@QAE@ABU?$_StaticAllocator@H@@AAPAUEHExceptionRecord@@$$QA_N@Z 10021f18     libcpmt:excptptr.obj
 0002:00007f40       __sehtable$__IsNonwritableInCurrentImage 10021f40     LIBCMT:pesect.obj
 0002:00008170       .idata$6                   10022170     kernel32:KERNEL32.dll
 0002:0000818c       .idata$6                   1002218c     user32:USER32.dll
 0003:00000000       ?init@std@@3JA             10023000     libcpmt:xlock.obj
 0003:00000024       ?g_CommitFrequency@details@Concurrency@@3HA 10023024     libconcrt:utils.obj
 0003:00000090       ?__vcrt_flsindex@@3KA      10023090     libvcruntime:per_thread_data.obj
 0003:00000160       _errno_no_memory           10023160     libucrt:errno.obj
 0003:00000164       _doserrno_no_memory        10023164     libucrt:errno.obj
 0003:00000298       ___acrt_flsindex           10023298     libucrt:per_thread_data.obj
 0003:00000364       ___rgctypeflag             10023364     libucrt:mbctype.obj
 0003:00000368       ___rgcode_page_info        10023368     libucrt:mbctype.obj
 0003:00000900       ?_StaticAllocStorageLeft@@3IA 10023900     libcpmt:excptptr.obj
 0003:00000cc8       _thread_exit_data          10023cc8     libcpmt:xnotify.obj
 0003:00000f00       ?initlocks@std@@3V_Init_locks@1@A 10023f00     libcpmt:xlock.obj
 0003:00000f08       ?mtx@std@@3PAU_RTL_CRITICAL_SECTION@@A 10023f08     libcpmt:xlock.obj
 0003:00000fd0       ?module_local_atexit_table@@3U_onexit_table_t@@A 10023fd0     LIBCMT:utility.obj
 0003:00000fdc       ?module_local_at_quick_exit_table@@3U_onexit_table_t@@A 10023fdc     LIBCMT:utility.obj
 0003:00000fe8       ?module_local_atexit_table_initialized@@3_NA 10023fe8     LIBCMT:utility.obj
 0003:00000fe9       ?is_initialized_as_dll@@3_NA 10023fe9     LIBCMT:utility.obj
 0003:00000fec       ?__proc_attached@@3HA      10023fec     LIBCMT:dll_dllmain.obj
 0003:00000ff0       _GS_ExceptionRecord        10023ff0     LIBCMT:gs_report.obj
 0003:00001040       _GS_ContextRecord          10024040     LIBCMT:gs_report.obj
 0003:00001330       ?s_pfnGetCurrentProcessorNumberEx@platform@details@Concurrency@@3P6GXPAU_PROCESSOR_NUMBER@@@ZA 10024330     libconcrt:Platform.obj
 0003:00001334       ?s_pfnSetThreadGroupAffinity@platform@details@Concurrency@@3P6GHPAXPBU_GROUP_AFFINITY@@PAU4@@ZA 10024334     libconcrt:Platform.obj
 0003:00001338       ?s_pfnGetThreadGroupAffinity@platform@details@Concurrency@@3P6GHPAXPAU_GROUP_AFFINITY@@@ZA 10024338     libconcrt:Platform.obj
 0003:0000133c       ?s_waiterPool@platform@details@Concurrency@@3PAVWaiterThreadPool@123@A 1002433c     libconcrt:Platform.obj
 0003:00001340       ?s_defaultWaiterPool@platform@details@Concurrency@@3VDefaultWaiterPool@123@A 10024340     libconcrt:Platform.obj
 0003:00001348       ?g_TraceInitialized@details@Concurrency@@3_NA 10024348     libconcrt:utils.obj
 0003:0000134c       ?g_DesiredTraceLevel@details@Concurrency@@3HA 1002434c     libconcrt:utils.obj
 0003:00001350       ?g_TraceCount@details@Concurrency@@3_KA 10024350     libconcrt:utils.obj
 0003:00001360       ?g_DebugOutFilePtr@details@Concurrency@@3PAU_iobuf@@A 10024360     libconcrt:utils.obj
 0003:00001450       ?__vcrt_startup_thread_ptd@@3U__vcrt_ptd@@A 10024450     libvcruntime:per_thread_data.obj
 0003:00001478       ___vcrt_lock_table         10024478     libvcruntime:locks.obj
 0003:00001490       ___vcrt_locks_initialized  10024490     libvcruntime:locks.obj
 0003:00001494       ?module_handles@@3PAPAUHINSTANCE__@@A 10024494     libvcruntime:winapi_downlevel.obj
 0003:000014a0       ?encoded_function_pointers@@3PAPAXA 100244a0     libvcruntime:winapi_downlevel.obj
 0003:000014e0       ?heap@@3V_HeapManager@@A   100244e0     libvcruntime:undname.obj
 0003:000014f4       ___acrt_invalid_parameter_handler 100244f4     libucrt:invalid_parameter.obj
 0003:00001508       ___acrt_lock_table         10024508     libucrt:locks.obj
 0003:00001640       ___acrt_locks_initialized  10024640     libucrt:locks.obj
 0003:00001644       ___acrt_new_handler        10024644     libucrt:new_handler.obj
 0003:00001648       _c_termination_complete    10024648     libucrt:exit.obj
 0003:0000164c       _thread_local_exit_callback_func 1002464c     libucrt:exit.obj
 0003:00001650       ?c_exit_complete@?5??common_exit@@YAXHW4_crt_exit_cleanup_mode@@W4_crt_exit_return_mode@@@Z@4_NA 10024650     libucrt:exit.obj
 0003:00001658       ?program_name@?5???$common_configure_argv@D@@YAHW4_crt_argv_mode@@@Z@4PADA 10024658     libucrt:argv_parsing.obj
 0003:0000198c       _enable_percent_n          1002498c     libucrt:printf_count_output.obj
 0003:000019a0       _ctrlc_action              100249a0     libucrt:signal.obj
 0003:000019a4       _ctrlbreak_action          100249a4     libucrt:signal.obj
 0003:000019a8       _abort_action              100249a8     libucrt:signal.obj
 0003:000019ac       _term_action               100249ac     libucrt:signal.obj
 0003:000019b0       _module_handles            100249b0     libucrt:winapi_thunks.obj
 0003:00001a00       _encoded_function_pointers 10024a00     libucrt:winapi_thunks.obj
 0003:00001a80       ?state_cache@?1??__acrt_is_packaged_app@@9@4JA 10024a80     libucrt:winapi_thunks.obj
 0003:00001a84       ___acrt_global_new_mode    10024a84     libucrt:new_mode.obj
 0003:00001aa4       _fSystemSet                10024aa4     libucrt:mbctype.obj
 0003:00001aa8       ?initialized@?1??__acrt_initialize_multibyte@@9@4_NA 10024aa8     libucrt:mbctype.obj
 0003:00001ac4       _user_matherr              10024ac4     libucrt:matherr.obj
 0003:00001ad4       __pmatherr_set             10024ad4     libucrt:libm_error.obj
 0003:00001adc       ___acrt_app_type           10024adc     libucrt:report_runtime_error.obj
 0003:00001ae8       ?s_asyncId@platform@details@Concurrency@@3IA 10024ae8     libcpmt:ppltasks.obj
 0003:00001af8       ?_StaticAllocStorage@@3PADA 10024af8     libcpmt:excptptr.obj
 0004:00000060       $R000000                   10025060     * linker generated manifest res *
